Archive member included to satisfy reference by file (symbol)

c:/st/stm32cubeide_1.7.0/stm32cubeide/plugins/com.st.stm32cube.ide.mcu.externaltools.gnu-tools-for-stm32.9-2020-q2-update.win32_2.0.0.202105311346/tools/bin/../lib/gcc/arm-none-eabi/9.3.1/../../../../arm-none-eabi/lib/thumb/v7-m/nofp\libc_nano.a(lib_a-errno.o)
                              ./Core/Src/syscalls.o (__errno)
c:/st/stm32cubeide_1.7.0/stm32cubeide/plugins/com.st.stm32cube.ide.mcu.externaltools.gnu-tools-for-stm32.9-2020-q2-update.win32_2.0.0.202105311346/tools/bin/../lib/gcc/arm-none-eabi/9.3.1/../../../../arm-none-eabi/lib/thumb/v7-m/nofp\libc_nano.a(lib_a-exit.o)
                              c:/st/stm32cubeide_1.7.0/stm32cubeide/plugins/com.st.stm32cube.ide.mcu.externaltools.gnu-tools-for-stm32.9-2020-q2-update.win32_2.0.0.202105311346/tools/bin/../lib/gcc/arm-none-eabi/9.3.1/../../../../arm-none-eabi/lib/thumb/v7-m/nofp/crt0.o (exit)
c:/st/stm32cubeide_1.7.0/stm32cubeide/plugins/com.st.stm32cube.ide.mcu.externaltools.gnu-tools-for-stm32.9-2020-q2-update.win32_2.0.0.202105311346/tools/bin/../lib/gcc/arm-none-eabi/9.3.1/../../../../arm-none-eabi/lib/thumb/v7-m/nofp\libc_nano.a(lib_a-impure.o)
                              c:/st/stm32cubeide_1.7.0/stm32cubeide/plugins/com.st.stm32cube.ide.mcu.externaltools.gnu-tools-for-stm32.9-2020-q2-update.win32_2.0.0.202105311346/tools/bin/../lib/gcc/arm-none-eabi/9.3.1/../../../../arm-none-eabi/lib/thumb/v7-m/nofp\libc_nano.a(lib_a-exit.o) (_global_impure_ptr)
c:/st/stm32cubeide_1.7.0/stm32cubeide/plugins/com.st.stm32cube.ide.mcu.externaltools.gnu-tools-for-stm32.9-2020-q2-update.win32_2.0.0.202105311346/tools/bin/../lib/gcc/arm-none-eabi/9.3.1/../../../../arm-none-eabi/lib/thumb/v7-m/nofp\libc_nano.a(lib_a-init.o)
                              c:/st/stm32cubeide_1.7.0/stm32cubeide/plugins/com.st.stm32cube.ide.mcu.externaltools.gnu-tools-for-stm32.9-2020-q2-update.win32_2.0.0.202105311346/tools/bin/../lib/gcc/arm-none-eabi/9.3.1/../../../../arm-none-eabi/lib/thumb/v7-m/nofp/crt0.o (__libc_init_array)
c:/st/stm32cubeide_1.7.0/stm32cubeide/plugins/com.st.stm32cube.ide.mcu.externaltools.gnu-tools-for-stm32.9-2020-q2-update.win32_2.0.0.202105311346/tools/bin/../lib/gcc/arm-none-eabi/9.3.1/../../../../arm-none-eabi/lib/thumb/v7-m/nofp\libc_nano.a(lib_a-memset.o)
                              c:/st/stm32cubeide_1.7.0/stm32cubeide/plugins/com.st.stm32cube.ide.mcu.externaltools.gnu-tools-for-stm32.9-2020-q2-update.win32_2.0.0.202105311346/tools/bin/../lib/gcc/arm-none-eabi/9.3.1/../../../../arm-none-eabi/lib/thumb/v7-m/nofp/crt0.o (memset)
c:/st/stm32cubeide_1.7.0/stm32cubeide/plugins/com.st.stm32cube.ide.mcu.externaltools.gnu-tools-for-stm32.9-2020-q2-update.win32_2.0.0.202105311346/tools/bin/../lib/gcc/arm-none-eabi/9.3.1/thumb/v7-m/nofp\libgcc.a(_arm_muldf3.o)
                              ./Core/Src/main.o (__aeabi_dmul)
c:/st/stm32cubeide_1.7.0/stm32cubeide/plugins/com.st.stm32cube.ide.mcu.externaltools.gnu-tools-for-stm32.9-2020-q2-update.win32_2.0.0.202105311346/tools/bin/../lib/gcc/arm-none-eabi/9.3.1/thumb/v7-m/nofp\libgcc.a(_arm_addsubdf3.o)
                              ./Core/Src/main.o (__aeabi_f2d)
c:/st/stm32cubeide_1.7.0/stm32cubeide/plugins/com.st.stm32cube.ide.mcu.externaltools.gnu-tools-for-stm32.9-2020-q2-update.win32_2.0.0.202105311346/tools/bin/../lib/gcc/arm-none-eabi/9.3.1/thumb/v7-m/nofp\libgcc.a(_arm_fixdfsi.o)
                              ./Core/Src/main.o (__aeabi_d2iz)

Allocating common symbols
Common symbol       size              file

htim4               0x48              ./Core/Src/main.o
hi2c2               0x54              ./Core/Src/main.o
uwTick              0x4               ./Drivers/STM32F1xx_HAL_Driver/Src/stm32f1xx_hal.o
pFlash              0x20              ./Drivers/STM32F1xx_HAL_Driver/Src/stm32f1xx_hal_flash.o
htim3               0x48              ./Core/Src/main.o
huart1              0x48              ./Core/Src/main.o
htim2               0x48              ./Core/Src/main.o

Discarded input sections

 .text          0x0000000000000000        0x0 c:/st/stm32cubeide_1.7.0/stm32cubeide/plugins/com.st.stm32cube.ide.mcu.externaltools.gnu-tools-for-stm32.9-2020-q2-update.win32_2.0.0.202105311346/tools/bin/../lib/gcc/arm-none-eabi/9.3.1/thumb/v7-m/nofp/crti.o
 .data          0x0000000000000000        0x0 c:/st/stm32cubeide_1.7.0/stm32cubeide/plugins/com.st.stm32cube.ide.mcu.externaltools.gnu-tools-for-stm32.9-2020-q2-update.win32_2.0.0.202105311346/tools/bin/../lib/gcc/arm-none-eabi/9.3.1/thumb/v7-m/nofp/crti.o
 .bss           0x0000000000000000        0x0 c:/st/stm32cubeide_1.7.0/stm32cubeide/plugins/com.st.stm32cube.ide.mcu.externaltools.gnu-tools-for-stm32.9-2020-q2-update.win32_2.0.0.202105311346/tools/bin/../lib/gcc/arm-none-eabi/9.3.1/thumb/v7-m/nofp/crti.o
[...]
Memory Configuration

Name             Origin             Length             Attributes
RAM              0x0000000020000000 0x0000000000005000 xrw
FLASH            0x0000000008000000 0x0000000000010000 xr
*default*        0x0000000000000000 0xffffffffffffffff

Linker script and memory map

LOAD c:/st/stm32cubeide_1.7.0/stm32cubeide/plugins/com.st.stm32cube.ide.mcu.externaltools.gnu-tools-for-stm32.9-2020-q2-update.win32_2.0.0.202105311346/tools/bin/../lib/gcc/arm-none-eabi/9.3.1/thumb/v7-m/nofp/crti.o
LOAD c:/st/stm32cubeide_1.7.0/stm32cubeide/plugins/com.st.stm32cube.ide.mcu.externaltools.gnu-tools-for-stm32.9-2020-q2-update.win32_2.0.0.202105311346/tools/bin/../lib/gcc/arm-none-eabi/9.3.1/thumb/v7-m/nofp/crtbegin.o
LOAD c:/st/stm32cubeide_1.7.0/stm32cubeide/plugins/com.st.stm32cube.ide.mcu.externaltools.gnu-tools-for-stm32.9-2020-q2-update.win32_2.0.0.202105311346/tools/bin/../lib/gcc/arm-none-eabi/9.3.1/../../../../arm-none-eabi/lib/thumb/v7-m/nofp/crt0.o
LOAD ./Core/Src/main.o
LOAD ./Core/Src/stm32f1xx_hal_msp.o
LOAD ./Core/Src/stm32f1xx_it.o
LOAD ./Core/Src/syscalls.o
LOAD ./Core/Src/sysmem.o
LOAD ./Core/Src/system_stm32f1xx.o
LOAD ./Core/Startup/startup_stm32f103c8tx.o
LOAD ./Drivers/STM32F1xx_HAL_Driver/Src/stm32f1xx_hal.o
LOAD ./Drivers/STM32F1xx_HAL_Driver/Src/stm32f1xx_hal_cortex.o
LOAD ./Drivers/STM32F1xx_HAL_Driver/Src/stm32f1xx_hal_dma.o
LOAD ./Drivers/STM32F1xx_HAL_Driver/Src/stm32f1xx_hal_exti.o
LOAD ./Drivers/STM32F1xx_HAL_Driver/Src/stm32f1xx_hal_flash.o
LOAD ./Drivers/STM32F1xx_HAL_Driver/Src/stm32f1xx_hal_flash_ex.o
LOAD ./Drivers/STM32F1xx_HAL_Driver/Src/stm32f1xx_hal_gpio.o
LOAD ./Drivers/STM32F1xx_HAL_Driver/Src/stm32f1xx_hal_gpio_ex.o
LOAD ./Drivers/STM32F1xx_HAL_Driver/Src/stm32f1xx_hal_i2c.o
LOAD ./Drivers/STM32F1xx_HAL_Driver/Src/stm32f1xx_hal_pwr.o
LOAD ./Drivers/STM32F1xx_HAL_Driver/Src/stm32f1xx_hal_rcc.o
LOAD ./Drivers/STM32F1xx_HAL_Driver/Src/stm32f1xx_hal_rcc_ex.o
LOAD ./Drivers/STM32F1xx_HAL_Driver/Src/stm32f1xx_hal_tim.o
LOAD ./Drivers/STM32F1xx_HAL_Driver/Src/stm32f1xx_hal_tim_ex.o
LOAD ./Drivers/STM32F1xx_HAL_Driver/Src/stm32f1xx_hal_uart.o
START GROUP
LOAD c:/st/stm32cubeide_1.7.0/stm32cubeide/plugins/com.st.stm32cube.ide.mcu.externaltools.gnu-tools-for-stm32.9-2020-q2-update.win32_2.0.0.202105311346/tools/bin/../lib/gcc/arm-none-eabi/9.3.1/../../../../arm-none-eabi/lib/thumb/v7-m/nofp\libstdc++_nano.a
LOAD c:/st/stm32cubeide_1.7.0/stm32cubeide/plugins/com.st.stm32cube.ide.mcu.externaltools.gnu-tools-for-stm32.9-2020-q2-update.win32_2.0.0.202105311346/tools/bin/../lib/gcc/arm-none-eabi/9.3.1/../../../../arm-none-eabi/lib/thumb/v7-m/nofp\libsupc++_nano.a
END GROUP
LOAD c:/st/stm32cubeide_1.7.0/stm32cubeide/plugins/com.st.stm32cube.ide.mcu.externaltools.gnu-tools-for-stm32.9-2020-q2-update.win32_2.0.0.202105311346/tools/bin/../lib/gcc/arm-none-eabi/9.3.1/../../../../arm-none-eabi/lib/thumb/v7-m/nofp\libstdc++_nano.a
LOAD c:/st/stm32cubeide_1.7.0/stm32cubeide/plugins/com.st.stm32cube.ide.mcu.externaltools.gnu-tools-for-stm32.9-2020-q2-update.win32_2.0.0.202105311346/tools/bin/../lib/gcc/arm-none-eabi/9.3.1/../../../../arm-none-eabi/lib/thumb/v7-m/nofp\libm.a
LOAD c:/st/stm32cubeide_1.7.0/stm32cubeide/plugins/com.st.stm32cube.ide.mcu.externaltools.gnu-tools-for-stm32.9-2020-q2-update.win32_2.0.0.202105311346/tools/bin/../lib/gcc/arm-none-eabi/9.3.1/../../../../arm-none-eabi/lib/thumb/v7-m/nofp\libc_nano.a
START GROUP
LOAD c:/st/stm32cubeide_1.7.0/stm32cubeide/plugins/com.st.stm32cube.ide.mcu.externaltools.gnu-tools-for-stm32.9-2020-q2-update.win32_2.0.0.202105311346/tools/bin/../lib/gcc/arm-none-eabi/9.3.1/thumb/v7-m/nofp\libgcc.a
LOAD c:/st/stm32cubeide_1.7.0/stm32cubeide/plugins/com.st.stm32cube.ide.mcu.externaltools.gnu-tools-for-stm32.9-2020-q2-update.win32_2.0.0.202105311346/tools/bin/../lib/gcc/arm-none-eabi/9.3.1/../../../../arm-none-eabi/lib/thumb/v7-m/nofp\libc_nano.a
END GROUP
START GROUP
LOAD c:/st/stm32cubeide_1.7.0/stm32cubeide/plugins/com.st.stm32cube.ide.mcu.externaltools.gnu-tools-for-stm32.9-2020-q2-update.win32_2.0.0.202105311346/tools/bin/../lib/gcc/arm-none-eabi/9.3.1/thumb/v7-m/nofp\libgcc.a
LOAD c:/st/stm32cubeide_1.7.0/stm32cubeide/plugins/com.st.stm32cube.ide.mcu.externaltools.gnu-tools-for-stm32.9-2020-q2-update.win32_2.0.0.202105311346/tools/bin/../lib/gcc/arm-none-eabi/9.3.1/../../../../arm-none-eabi/lib/thumb/v7-m/nofp\libc_nano.a
LOAD c:/st/stm32cubeide_1.7.0/stm32cubeide/plugins/com.st.stm32cube.ide.mcu.externaltools.gnu-tools-for-stm32.9-2020-q2-update.win32_2.0.0.202105311346/tools/bin/../lib/gcc/arm-none-eabi/9.3.1/../../../../arm-none-eabi/lib/thumb/v7-m/nofp\libnosys.a
END GROUP
START GROUP
LOAD c:/st/stm32cubeide_1.7.0/stm32cubeide/plugins/com.st.stm32cube.ide.mcu.externaltools.gnu-tools-for-stm32.9-2020-q2-update.win32_2.0.0.202105311346/tools/bin/../lib/gcc/arm-none-eabi/9.3.1/thumb/v7-m/nofp\libgcc.a
LOAD c:/st/stm32cubeide_1.7.0/stm32cubeide/plugins/com.st.stm32cube.ide.mcu.externaltools.gnu-tools-for-stm32.9-2020-q2-update.win32_2.0.0.202105311346/tools/bin/../lib/gcc/arm-none-eabi/9.3.1/../../../../arm-none-eabi/lib/thumb/v7-m/nofp\libc_nano.a
LOAD c:/st/stm32cubeide_1.7.0/stm32cubeide/plugins/com.st.stm32cube.ide.mcu.externaltools.gnu-tools-for-stm32.9-2020-q2-update.win32_2.0.0.202105311346/tools/bin/../lib/gcc/arm-none-eabi/9.3.1/../../../../arm-none-eabi/lib/thumb/v7-m/nofp\libnosys.a
END GROUP
LOAD c:/st/stm32cubeide_1.7.0/stm32cubeide/plugins/com.st.stm32cube.ide.mcu.externaltools.gnu-tools-for-stm32.9-2020-q2-update.win32_2.0.0.202105311346/tools/bin/../lib/gcc/arm-none-eabi/9.3.1/thumb/v7-m/nofp/crtend.o
LOAD c:/st/stm32cubeide_1.7.0/stm32cubeide/plugins/com.st.stm32cube.ide.mcu.externaltools.gnu-tools-for-stm32.9-2020-q2-update.win32_2.0.0.202105311346/tools/bin/../lib/gcc/arm-none-eabi/9.3.1/thumb/v7-m/nofp/crtn.o
                0x0000000020005000                _estack = (ORIGIN (RAM) + LENGTH (RAM))
                0x0000000000000200                _Min_Heap_Size = 0x200
                0x0000000000000400                _Min_Stack_Size = 0x400

.isr_vector     0x0000000008000000      0x10c
                0x0000000008000000                . = ALIGN (0x4)
 *(.isr_vector)
 .isr_vector    0x0000000008000000      0x10c ./Core/Startup/startup_stm32f103c8tx.o
                0x0000000008000000                g_pfnVectors
                0x000000000800010c                . = ALIGN (0x4)

.text           0x0000000008000110     0x2f98
                0x0000000008000110                . = ALIGN (0x4)
 *(.text)
 .text          0x0000000008000110       0x40 c:/st/stm32cubeide_1.7.0/stm32cubeide/plugins/com.st.stm32cube.ide.mcu.externaltools.gnu-tools-for-stm32.9-2020-q2-update.win32_2.0.0.202105311346/tools/bin/../lib/gcc/arm-none-eabi/9.3.1/thumb/v7-m/nofp/crtbegin.o
 .text          0x0000000008000150      0x254 c:/st/stm32cubeide_1.7.0/stm32cubeide/plugins/com.st.stm32cube.ide.mcu.externaltools.gnu-tools-for-stm32.9-2020-q2-update.win32_2.0.0.202105311346/tools/bin/../lib/gcc/arm-none-eabi/9.3.1/thumb/v7-m/nofp\libgcc.a(_arm_muldf3.o)
                0x0000000008000150                __muldf3
                0x0000000008000150                __aeabi_dmul
 .text          0x00000000080003a4      0x378 c:/st/stm32cubeide_1.7.0/stm32cubeide/plugins/com.st.stm32cube.ide.mcu.externaltools.gnu-tools-for-stm32.9-2020-q2-update.win32_2.0.0.202105311346/tools/bin/../lib/gcc/arm-none-eabi/9.3.1/thumb/v7-m/nofp\libgcc.a(_arm_addsubdf3.o)
                0x00000000080003a4                __aeabi_drsub
                0x00000000080003ac                __aeabi_dsub
                0x00000000080003ac                __subdf3
                0x00000000080003b0                __aeabi_dadd
                0x00000000080003b0                __adddf3
                0x0000000008000628                __floatunsidf
                0x0000000008000628                __aeabi_ui2d
                0x0000000008000648                __floatsidf
                0x0000000008000648                __aeabi_i2d
                0x000000000800066c                __aeabi_f2d
                0x000000000800066c                __extendsfdf2
                0x00000000080006b0                __floatundidf
                0x00000000080006b0                __aeabi_ul2d
                0x00000000080006c0                __floatdidf
                0x00000000080006c0                __aeabi_l2d
 .text          0x000000000800071c       0x50 c:/st/stm32cubeide_1.7.0/stm32cubeide/plugins/com.st.stm32cube.ide.mcu.externaltools.gnu-tools-for-stm32.9-2020-q2-update.win32_2.0.0.202105311346/tools/bin/../lib/gcc/arm-none-eabi/9.3.1/thumb/v7-m/nofp\libgcc.a(_arm_fixdfsi.o)
                0x000000000800071c                __aeabi_d2iz
                0x000000000800071c                __fixdfsi
 *(.text*)
 *fill*         0x000000000800076c        0x4 
 .text.main     0x0000000008000770      0x29c ./Core/Src/main.o
                0x0000000008000770                main
 .text.SystemClock_Config
                0x0000000008000a0c       0x8a ./Core/Src/main.o
                0x0000000008000a0c                SystemClock_Config
 *fill*         0x0000000008000a96        0x2 
 .text.MX_I2C2_Init
                0x0000000008000a98       0x5c ./Core/Src/main.o
 .text.MX_TIM2_Init
                0x0000000008000af4       0xa8 ./Core/Src/main.o
 .text.MX_TIM3_Init
                0x0000000008000b9c       0xa8 ./Core/Src/main.o
 .text.MX_TIM4_Init
                0x0000000008000c44       0xf4 ./Core/Src/main.o
 .text.MX_USART1_UART_Init
                0x0000000008000d38       0x54 ./Core/Src/main.o
 .text.MX_GPIO_Init
                0x0000000008000d8c       0xcc ./Core/Src/main.o
 .text.Error_Handler
                0x0000000008000e58        0xa ./Core/Src/main.o
                0x0000000008000e58                Error_Handler
 *fill*         0x0000000008000e62        0x2 
 .text.HAL_MspInit
                0x0000000008000e64       0x64 ./Core/Src/stm32f1xx_hal_msp.o
                0x0000000008000e64                HAL_MspInit
 .text.HAL_I2C_MspInit
                0x0000000008000ec8       0x80 ./Core/Src/stm32f1xx_hal_msp.o
                0x0000000008000ec8                HAL_I2C_MspInit
 .text.HAL_TIM_Encoder_MspInit
                0x0000000008000f48       0xd0 ./Core/Src/stm32f1xx_hal_msp.o
                0x0000000008000f48                HAL_TIM_Encoder_MspInit
 .text.HAL_TIM_PWM_MspInit
                0x0000000008001018       0x3c ./Core/Src/stm32f1xx_hal_msp.o
                0x0000000008001018                HAL_TIM_PWM_MspInit
 .text.HAL_TIM_MspPostInit
                0x0000000008001054       0x68 ./Core/Src/stm32f1xx_hal_msp.o
                0x0000000008001054                HAL_TIM_MspPostInit
 .text.HAL_UART_MspInit
                0x00000000080010bc       0x98 ./Core/Src/stm32f1xx_hal_msp.o
                0x00000000080010bc                HAL_UART_MspInit
 .text.NMI_Handler
                0x0000000008001154        0x6 ./Core/Src/stm32f1xx_it.o
                0x0000000008001154                NMI_Handler
 .text.HardFault_Handler
                0x000000000800115a        0x6 ./Core/Src/stm32f1xx_it.o
                0x000000000800115a                HardFault_Handler
 .text.MemManage_Handler
                0x0000000008001160        0x6 ./Core/Src/stm32f1xx_it.o
                0x0000000008001160                MemManage_Handler
 .text.BusFault_Handler
                0x0000000008001166        0x6 ./Core/Src/stm32f1xx_it.o
                0x0000000008001166                BusFault_Handler
 .text.UsageFault_Handler
                0x000000000800116c        0x6 ./Core/Src/stm32f1xx_it.o
                0x000000000800116c                UsageFault_Handler
 .text.SVC_Handler
                0x0000000008001172        0xc ./Core/Src/stm32f1xx_it.o
                0x0000000008001172                SVC_Handler
 .text.DebugMon_Handler
                0x000000000800117e        0xc ./Core/Src/stm32f1xx_it.o
                0x000000000800117e                DebugMon_Handler
 .text.PendSV_Handler
                0x000000000800118a        0xc ./Core/Src/stm32f1xx_it.o
                0x000000000800118a                PendSV_Handler
 .text.SysTick_Handler
                0x0000000008001196        0xc ./Core/Src/stm32f1xx_it.o
                0x0000000008001196                SysTick_Handler
 .text.EXTI15_10_IRQHandler
                0x00000000080011a2       0x18 ./Core/Src/stm32f1xx_it.o
                0x00000000080011a2                EXTI15_10_IRQHandler
 *fill*         0x00000000080011ba        0x2 
 .text.HAL_GPIO_EXTI_Callback
                0x00000000080011bc       0x7c ./Core/Src/stm32f1xx_it.o
                0x00000000080011bc                HAL_GPIO_EXTI_Callback
 .text.SystemInit
                0x0000000008001238        0xc ./Core/Src/system_stm32f1xx.o
                0x0000000008001238                SystemInit
 .text.Reset_Handler
                0x0000000008001244       0x48 ./Core/Startup/startup_stm32f103c8tx.o
                0x0000000008001244                Reset_Handler
 .text.Default_Handler
                0x000000000800128c        0x2 ./Core/Startup/startup_stm32f103c8tx.o
                0x000000000800128c                RTC_Alarm_IRQHandler
                0x000000000800128c                EXTI2_IRQHandler
                0x000000000800128c                TIM1_CC_IRQHandler
                0x000000000800128c                PVD_IRQHandler
                0x000000000800128c                EXTI3_IRQHandler
                0x000000000800128c                EXTI0_IRQHandler
                0x000000000800128c                I2C2_EV_IRQHandler
                0x000000000800128c                ADC1_2_IRQHandler
                0x000000000800128c                SPI1_IRQHandler
                0x000000000800128c                TAMPER_IRQHandler
                0x000000000800128c                DMA1_Channel4_IRQHandler
                0x000000000800128c                USART3_IRQHandler
                0x000000000800128c                RTC_IRQHandler
                0x000000000800128c                DMA1_Channel7_IRQHandler
                0x000000000800128c                CAN1_RX1_IRQHandler
                0x000000000800128c                TIM4_IRQHandler
                0x000000000800128c                I2C1_EV_IRQHandler
                0x000000000800128c                DMA1_Channel6_IRQHandler
                0x000000000800128c                TIM3_IRQHandler
                0x000000000800128c                RCC_IRQHandler
                0x000000000800128c                TIM1_TRG_COM_IRQHandler
                0x000000000800128c                DMA1_Channel1_IRQHandler
                0x000000000800128c                Default_Handler
                0x000000000800128c                EXTI9_5_IRQHandler
                0x000000000800128c                SPI2_IRQHandler
                0x000000000800128c                DMA1_Channel5_IRQHandler
                0x000000000800128c                EXTI4_IRQHandler
                0x000000000800128c                USB_LP_CAN1_RX0_IRQHandler
                0x000000000800128c                USB_HP_CAN1_TX_IRQHandler
                0x000000000800128c                DMA1_Channel3_IRQHandler
                0x000000000800128c                TIM1_UP_IRQHandler
                0x000000000800128c                WWDG_IRQHandler
                0x000000000800128c                TIM2_IRQHandler
                0x000000000800128c                TIM1_BRK_IRQHandler
                0x000000000800128c                EXTI1_IRQHandler
                0x000000000800128c                USART2_IRQHandler
                0x000000000800128c                I2C2_ER_IRQHandler
                0x000000000800128c                DMA1_Channel2_IRQHandler
                0x000000000800128c                CAN1_SCE_IRQHandler
                0x000000000800128c                FLASH_IRQHandler
                0x000000000800128c                USART1_IRQHandler
                0x000000000800128c                I2C1_ER_IRQHandler
                0x000000000800128c                USBWakeUp_IRQHandler
 *fill*         0x000000000800128e        0x2 
 .text.HAL_Init
                0x0000000008001290       0x2c ./Drivers/STM32F1xx_HAL_Driver/Src/stm32f1xx_hal.o
                0x0000000008001290                HAL_Init
 .text.HAL_InitTick
                0x00000000080012bc       0x60 ./Drivers/STM32F1xx_HAL_Driver/Src/stm32f1xx_hal.o
                0x00000000080012bc                HAL_InitTick
 .text.HAL_IncTick
                0x000000000800131c       0x24 ./Drivers/STM32F1xx_HAL_Driver/Src/stm32f1xx_hal.o
                0x000000000800131c                HAL_IncTick
 .text.HAL_GetTick
                0x0000000008001340       0x14 ./Drivers/STM32F1xx_HAL_Driver/Src/stm32f1xx_hal.o
                0x0000000008001340                HAL_GetTick
 .text.HAL_Delay
                0x0000000008001354       0x48 ./Drivers/STM32F1xx_HAL_Driver/Src/stm32f1xx_hal.o
                0x0000000008001354                HAL_Delay
 .text.__NVIC_SetPriorityGrouping
                0x000000000800139c       0x48 ./Drivers/STM32F1xx_HAL_Driver/Src/stm32f1xx_hal_cortex.o
 .text.__NVIC_GetPriorityGrouping
                0x00000000080013e4       0x1c ./Drivers/STM32F1xx_HAL_Driver/Src/stm32f1xx_hal_cortex.o
 .text.__NVIC_EnableIRQ
                0x0000000008001400       0x38 ./Drivers/STM32F1xx_HAL_Driver/Src/stm32f1xx_hal_cortex.o
 .text.__NVIC_SetPriority
                0x0000000008001438       0x54 ./Drivers/STM32F1xx_HAL_Driver/Src/stm32f1xx_hal_cortex.o
 .text.NVIC_EncodePriority
                0x000000000800148c       0x64 ./Drivers/STM32F1xx_HAL_Driver/Src/stm32f1xx_hal_cortex.o
 .text.SysTick_Config
                0x00000000080014f0       0x44 ./Drivers/STM32F1xx_HAL_Driver/Src/stm32f1xx_hal_cortex.o
 .text.HAL_NVIC_SetPriorityGrouping
                0x0000000008001534       0x16 ./Drivers/STM32F1xx_HAL_Driver/Src/stm32f1xx_hal_cortex.o
                0x0000000008001534                HAL_NVIC_SetPriorityGrouping
 .text.HAL_NVIC_SetPriority
                0x000000000800154a       0x38 ./Drivers/STM32F1xx_HAL_Driver/Src/stm32f1xx_hal_cortex.o
                0x000000000800154a                HAL_NVIC_SetPriority
 .text.HAL_NVIC_EnableIRQ
                0x0000000008001582       0x1c ./Drivers/STM32F1xx_HAL_Driver/Src/stm32f1xx_hal_cortex.o
                0x0000000008001582                HAL_NVIC_EnableIRQ
 .text.HAL_SYSTICK_Config
                0x000000000800159e       0x18 ./Drivers/STM32F1xx_HAL_Driver/Src/stm32f1xx_hal_cortex.o
                0x000000000800159e                HAL_SYSTICK_Config
 *fill*         0x00000000080015b6        0x2 
 .text.HAL_GPIO_Init
                0x00000000080015b8      0x308 ./Drivers/STM32F1xx_HAL_Driver/Src/stm32f1xx_hal_gpio.o
                0x00000000080015b8                HAL_GPIO_Init
 .text.HAL_GPIO_ReadPin
                0x00000000080018c0       0x2e ./Drivers/STM32F1xx_HAL_Driver/Src/stm32f1xx_hal_gpio.o
                0x00000000080018c0                HAL_GPIO_ReadPin
 *fill*         0x00000000080018ee        0x2 
 .text.HAL_GPIO_EXTI_IRQHandler
                0x00000000080018f0       0x30 ./Drivers/STM32F1xx_HAL_Driver/Src/stm32f1xx_hal_gpio.o
                0x00000000080018f0                HAL_GPIO_EXTI_IRQHandler
 .text.HAL_I2C_Init
                0x0000000008001920      0x288 ./Drivers/STM32F1xx_HAL_Driver/Src/stm32f1xx_hal_i2c.o
                0x0000000008001920                HAL_I2C_Init
 .text.HAL_RCC_OscConfig
                0x0000000008001ba8      0x500 ./Drivers/STM32F1xx_HAL_Driver/Src/stm32f1xx_hal_rcc.o
                0x0000000008001ba8                HAL_RCC_OscConfig
 .text.HAL_RCC_ClockConfig
                0x00000000080020a8      0x1d4 ./Drivers/STM32F1xx_HAL_Driver/Src/stm32f1xx_hal_rcc.o
                0x00000000080020a8                HAL_RCC_ClockConfig
 .text.HAL_RCC_GetSysClockFreq
                0x000000000800227c       0xa8 ./Drivers/STM32F1xx_HAL_Driver/Src/stm32f1xx_hal_rcc.o
                0x000000000800227c                HAL_RCC_GetSysClockFreq
 .text.HAL_RCC_GetHCLKFreq
                0x0000000008002324       0x14 ./Drivers/STM32F1xx_HAL_Driver/Src/stm32f1xx_hal_rcc.o
                0x0000000008002324                HAL_RCC_GetHCLKFreq
 .text.HAL_RCC_GetPCLK1Freq
                0x0000000008002338       0x28 ./Drivers/STM32F1xx_HAL_Driver/Src/stm32f1xx_hal_rcc.o
                0x0000000008002338                HAL_RCC_GetPCLK1Freq
 .text.HAL_RCC_GetPCLK2Freq
                0x0000000008002360       0x28 ./Drivers/STM32F1xx_HAL_Driver/Src/stm32f1xx_hal_rcc.o
                0x0000000008002360                HAL_RCC_GetPCLK2Freq
 .text.RCC_Delay
                0x0000000008002388       0x3c ./Drivers/STM32F1xx_HAL_Driver/Src/stm32f1xx_hal_rcc.o
 .text.HAL_TIM_PWM_Init
                0x00000000080023c4       0x9e ./Drivers/STM32F1xx_HAL_Driver/Src/stm32f1xx_hal_tim.o
                0x00000000080023c4                HAL_TIM_PWM_Init
 *fill*         0x0000000008002462        0x2 
 .text.HAL_TIM_PWM_Start
                0x0000000008002464      0x144 ./Drivers/STM32F1xx_HAL_Driver/Src/stm32f1xx_hal_tim.o
                0x0000000008002464                HAL_TIM_PWM_Start
 .text.HAL_TIM_Encoder_Init
                0x00000000080025a8      0x144 ./Drivers/STM32F1xx_HAL_Driver/Src/stm32f1xx_hal_tim.o
                0x00000000080025a8                HAL_TIM_Encoder_Init
 .text.HAL_TIM_Encoder_Start
                0x00000000080026ec      0x11c ./Drivers/STM32F1xx_HAL_Driver/Src/stm32f1xx_hal_tim.o
                0x00000000080026ec                HAL_TIM_Encoder_Start
 .text.HAL_TIM_PWM_ConfigChannel
                0x0000000008002808      0x184 ./Drivers/STM32F1xx_HAL_Driver/Src/stm32f1xx_hal_tim.o
                0x0000000008002808                HAL_TIM_PWM_ConfigChannel
 .text.TIM_Base_SetConfig
                0x000000000800298c       0xdc ./Drivers/STM32F1xx_HAL_Driver/Src/stm32f1xx_hal_tim.o
                0x000000000800298c                TIM_Base_SetConfig
 .text.TIM_OC1_SetConfig
                0x0000000008002a68       0xcc ./Drivers/STM32F1xx_HAL_Driver/Src/stm32f1xx_hal_tim.o
 .text.TIM_OC2_SetConfig
                0x0000000008002b34       0xd4 ./Drivers/STM32F1xx_HAL_Driver/Src/stm32f1xx_hal_tim.o
                0x0000000008002b34                TIM_OC2_SetConfig
 .text.TIM_OC3_SetConfig
                0x0000000008002c08       0xd4 ./Drivers/STM32F1xx_HAL_Driver/Src/stm32f1xx_hal_tim.o
 .text.TIM_OC4_SetConfig
                0x0000000008002cdc       0x9c ./Drivers/STM32F1xx_HAL_Driver/Src/stm32f1xx_hal_tim.o
 .text.TIM_CCxChannelCmd
                0x0000000008002d78       0x48 ./Drivers/STM32F1xx_HAL_Driver/Src/stm32f1xx_hal_tim.o
                0x0000000008002d78                TIM_CCxChannelCmd
 .text.HAL_TIMEx_MasterConfigSynchronization
                0x0000000008002dc0       0xbc ./Drivers/STM32F1xx_HAL_Driver/Src/stm32f1xx_hal_tim_ex.o
                0x0000000008002dc0                HAL_TIMEx_MasterConfigSynchronization
 .text.HAL_UART_Init
                0x0000000008002e7c       0xa0 ./Drivers/STM32F1xx_HAL_Driver/Src/stm32f1xx_hal_uart.o
                0x0000000008002e7c                HAL_UART_Init
 .text.UART_SetConfig
                0x0000000008002f1c      0x11c ./Drivers/STM32F1xx_HAL_Driver/Src/stm32f1xx_hal_uart.o
 .text.__libc_init_array
                0x0000000008003038       0x48 c:/st/stm32cubeide_1.7.0/stm32cubeide/plugins/com.st.stm32cube.ide.mcu.externaltools.gnu-tools-for-stm32.9-2020-q2-update.win32_2.0.0.202105311346/tools/bin/../lib/gcc/arm-none-eabi/9.3.1/../../../../arm-none-eabi/lib/thumb/v7-m/nofp\libc_nano.a(lib_a-init.o)
                0x0000000008003038                __libc_init_array
 .text.memset   0x0000000008003080       0x10 c:/st/stm32cubeide_1.7.0/stm32cubeide/plugins/com.st.stm32cube.ide.mcu.externaltools.gnu-tools-for-stm32.9-2020-q2-update.win32_2.0.0.202105311346/tools/bin/../lib/gcc/arm-none-eabi/9.3.1/../../../../arm-none-eabi/lib/thumb/v7-m/nofp\libc_nano.a(lib_a-memset.o)
                0x0000000008003080                memset
 *(.glue_7)
 .glue_7        0x0000000008003090        0x0 linker stubs
 *(.glue_7t)
 .glue_7t       0x0000000008003090        0x0 linker stubs
 *(.eh_frame)
 .eh_frame      0x0000000008003090        0x0 c:/st/stm32cubeide_1.7.0/stm32cubeide/plugins/com.st.stm32cube.ide.mcu.externaltools.gnu-tools-for-stm32.9-2020-q2-update.win32_2.0.0.202105311346/tools/bin/../lib/gcc/arm-none-eabi/9.3.1/thumb/v7-m/nofp/crtbegin.o
 *(.init)
 .init          0x0000000008003090        0x4 c:/st/stm32cubeide_1.7.0/stm32cubeide/plugins/com.st.stm32cube.ide.mcu.externaltools.gnu-tools-for-stm32.9-2020-q2-update.win32_2.0.0.202105311346/tools/bin/../lib/gcc/arm-none-eabi/9.3.1/thumb/v7-m/nofp/crti.o
                0x0000000008003090                _init
 .init          0x0000000008003094        0x8 c:/st/stm32cubeide_1.7.0/stm32cubeide/plugins/com.st.stm32cube.ide.mcu.externaltools.gnu-tools-for-stm32.9-2020-q2-update.win32_2.0.0.202105311346/tools/bin/../lib/gcc/arm-none-eabi/9.3.1/thumb/v7-m/nofp/crtn.o
 *(.fini)
 .fini          0x000000000800309c        0x4 c:/st/stm32cubeide_1.7.0/stm32cubeide/plugins/com.st.stm32cube.ide.mcu.externaltools.gnu-tools-for-stm32.9-2020-q2-update.win32_2.0.0.202105311346/tools/bin/../lib/gcc/arm-none-eabi/9.3.1/thumb/v7-m/nofp/crti.o
                0x000000000800309c                _fini
 .fini          0x00000000080030a0        0x8 c:/st/stm32cubeide_1.7.0/stm32cubeide/plugins/com.st.stm32cube.ide.mcu.externaltools.gnu-tools-for-stm32.9-2020-q2-update.win32_2.0.0.202105311346/tools/bin/../lib/gcc/arm-none-eabi/9.3.1/thumb/v7-m/nofp/crtn.o
                0x00000000080030a8                . = ALIGN (0x4)
                0x00000000080030a8                _etext = .

.vfp11_veneer   0x00000000080030a8        0x0
 .vfp11_veneer  0x00000000080030a8        0x0 linker stubs

.v4_bx          0x00000000080030a8        0x0
 .v4_bx         0x00000000080030a8        0x0 linker stubs

.iplt           0x00000000080030a8        0x0
 .iplt          0x00000000080030a8        0x0 c:/st/stm32cubeide_1.7.0/stm32cubeide/plugins/com.st.stm32cube.ide.mcu.externaltools.gnu-tools-for-stm32.9-2020-q2-update.win32_2.0.0.202105311346/tools/bin/../lib/gcc/arm-none-eabi/9.3.1/thumb/v7-m/nofp/crtbegin.o

.rodata         0x00000000080030a8       0x2c
                0x00000000080030a8                . = ALIGN (0x4)
 *(.rodata)
 *(.rodata*)
 .rodata.AHBPrescTable
                0x00000000080030a8       0x10 ./Core/Src/system_stm32f1xx.o
                0x00000000080030a8                AHBPrescTable
 .rodata.APBPrescTable
                0x00000000080030b8        0x8 ./Core/Src/system_stm32f1xx.o
                0x00000000080030b8                APBPrescTable
 .rodata.aPLLMULFactorTable.6442
                0x00000000080030c0       0x10 ./Drivers/STM32F1xx_HAL_Driver/Src/stm32f1xx_hal_rcc.o
 .rodata.aPredivFactorTable.6443
                0x00000000080030d0        0x2 ./Drivers/STM32F1xx_HAL_Driver/Src/stm32f1xx_hal_rcc.o
                0x00000000080030d4                . = ALIGN (0x4)
 *fill*         0x00000000080030d2        0x2 

.rel.dyn        0x00000000080030d4        0x0
 .rel.iplt      0x00000000080030d4        0x0 c:/st/stm32cubeide_1.7.0/stm32cubeide/plugins/com.st.stm32cube.ide.mcu.externaltools.gnu-tools-for-stm32.9-2020-q2-update.win32_2.0.0.202105311346/tools/bin/../lib/gcc/arm-none-eabi/9.3.1/thumb/v7-m/nofp/crtbegin.o

.ARM.extab      0x00000000080030d4        0x0
                0x00000000080030d4                . = ALIGN (0x4)
 *(.ARM.extab* .gnu.linkonce.armextab.*)
                0x00000000080030d4                . = ALIGN (0x4)

.ARM            0x00000000080030d4        0x0
                0x00000000080030d4                . = ALIGN (0x4)
                0x00000000080030d4                __exidx_start = .
 *(.ARM.exidx*)
                0x00000000080030d4                __exidx_end = .
                0x00000000080030d4                . = ALIGN (0x4)

.preinit_array  0x00000000080030d4        0x0
                0x00000000080030d4                . = ALIGN (0x4)
                0x00000000080030d4                PROVIDE (__preinit_array_start = .)
 *(.preinit_array*)
                0x00000000080030d4                PROVIDE (__preinit_array_end = .)
                0x00000000080030d4                . = ALIGN (0x4)

.init_array     0x00000000080030d4        0x4
                0x00000000080030d4                . = ALIGN (0x4)
                0x00000000080030d4                PROVIDE (__init_array_start = .)
 *(SORT_BY_NAME(.init_array.*))
 *(.init_array*)
 .init_array    0x00000000080030d4        0x4 c:/st/stm32cubeide_1.7.0/stm32cubeide/plugins/com.st.stm32cube.ide.mcu.externaltools.gnu-tools-for-stm32.9-2020-q2-update.win32_2.0.0.202105311346/tools/bin/../lib/gcc/arm-none-eabi/9.3.1/thumb/v7-m/nofp/crtbegin.o
                0x00000000080030d8                PROVIDE (__init_array_end = .)
                0x00000000080030d8                . = ALIGN (0x4)

.fini_array     0x00000000080030d8        0x4
                0x00000000080030d8                . = ALIGN (0x4)
                [!provide]                        PROVIDE (__fini_array_start = .)
 *(SORT_BY_NAME(.fini_array.*))
 *(.fini_array*)
 .fini_array    0x00000000080030d8        0x4 c:/st/stm32cubeide_1.7.0/stm32cubeide/plugins/com.st.stm32cube.ide.mcu.externaltools.gnu-tools-for-stm32.9-2020-q2-update.win32_2.0.0.202105311346/tools/bin/../lib/gcc/arm-none-eabi/9.3.1/thumb/v7-m/nofp/crtbegin.o
                [!provide]                        PROVIDE (__fini_array_end = .)
                0x00000000080030dc                . = ALIGN (0x4)
                0x00000000080030dc                _sidata = LOADADDR (.data)

.data           0x0000000020000000       0x14 load address 0x00000000080030dc
                0x0000000020000000                . = ALIGN (0x4)
                0x0000000020000000                _sdata = .
 *(.data)
 *(.data*)
 .data.pwmValue
                0x0000000020000000        0x1 ./Core/Src/main.o
                0x0000000020000000                pwmValue
 *fill*         0x0000000020000001        0x3 
 .data.distancia_cm
                0x0000000020000004        0x4 ./Core/Src/main.o
                0x0000000020000004                distancia_cm
 .data.SystemCoreClock
                0x0000000020000008        0x4 ./Core/Src/system_stm32f1xx.o
                0x0000000020000008                SystemCoreClock
 .data.uwTickPrio
                0x000000002000000c        0x4 ./Drivers/STM32F1xx_HAL_Driver/Src/stm32f1xx_hal.o
                0x000000002000000c                uwTickPrio
 .data.uwTickFreq
                0x0000000020000010        0x1 ./Drivers/STM32F1xx_HAL_Driver/Src/stm32f1xx_hal.o
                0x0000000020000010                uwTickFreq
 *(.RamFunc)
 *(.RamFunc*)
                0x0000000020000014                . = ALIGN (0x4)
 *fill*         0x0000000020000011        0x3 
                0x0000000020000014                _edata = .

.igot.plt       0x0000000020000014        0x0 load address 0x00000000080030f0
 .igot.plt      0x0000000020000014        0x0 c:/st/stm32cubeide_1.7.0/stm32cubeide/plugins/com.st.stm32cube.ide.mcu.externaltools.gnu-tools-for-stm32.9-2020-q2-update.win32_2.0.0.202105311346/tools/bin/../lib/gcc/arm-none-eabi/9.3.1/thumb/v7-m/nofp/crtbegin.o
                0x0000000020000014                . = ALIGN (0x4)

.bss            0x0000000020000014      0x1d4 load address 0x00000000080030f0
                0x0000000020000014                _sbss = .
                0x0000000020000014                __bss_start__ = _sbss
 *(.bss)
 .bss           0x0000000020000014       0x1c c:/st/stm32cubeide_1.7.0/stm32cubeide/plugins/com.st.stm32cube.ide.mcu.externaltools.gnu-tools-for-stm32.9-2020-q2-update.win32_2.0.0.202105311346/tools/bin/../lib/gcc/arm-none-eabi/9.3.1/thumb/v7-m/nofp/crtbegin.o
 *(.bss*)
 .bss.enc1      0x0000000020000030        0x4 ./Core/Src/main.o
                0x0000000020000030                enc1
 .bss.enc2      0x0000000020000034        0x4 ./Core/Src/main.o
                0x0000000020000034                enc2
 .bss.enc1_ini  0x0000000020000038        0x4 ./Core/Src/main.o
                0x0000000020000038                enc1_ini
 .bss.enc2_ini  0x000000002000003c        0x4 ./Core/Src/main.o
                0x000000002000003c                enc2_ini
 .bss.enc3_ini  0x0000000020000040        0x4 ./Core/Src/main.o
                0x0000000020000040                enc3_ini
 .bss.enc4_ini  0x0000000020000044        0x4 ./Core/Src/main.o
                0x0000000020000044                enc4_ini
 .bss.avance1   0x0000000020000048        0x4 ./Core/Src/main.o
                0x0000000020000048                avance1
 .bss.avance2   0x000000002000004c        0x4 ./Core/Src/main.o
                0x000000002000004c                avance2
 .bss.avance3   0x0000000020000050        0x4 ./Core/Src/main.o
                0x0000000020000050                avance3
 .bss.avance4   0x0000000020000054        0x4 ./Core/Src/main.o
                0x0000000020000054                avance4
 .bss.objetivo1
                0x0000000020000058        0x4 ./Core/Src/main.o
                0x0000000020000058                objetivo1
 .bss.objetivo2
                0x000000002000005c        0x4 ./Core/Src/main.o
                0x000000002000005c                objetivo2
 .bss.objetivo3
                0x0000000020000060        0x4 ./Core/Src/main.o
                0x0000000020000060                objetivo3
 .bss.objetivo4
                0x0000000020000064        0x4 ./Core/Src/main.o
                0x0000000020000064                objetivo4
 .bss.encoder3_count
                0x0000000020000068        0x4 ./Core/Src/main.o
                0x0000000020000068                encoder3_count
 .bss.encoder4_count
                0x000000002000006c        0x4 ./Core/Src/main.o
                0x000000002000006c                encoder4_count
 *(COMMON)
 COMMON         0x0000000020000070      0x174 ./Core/Src/main.o
                0x0000000020000070                htim4
                0x00000000200000b8                hi2c2
                0x000000002000010c                htim3
                0x0000000020000154                huart1
                0x000000002000019c                htim2
 COMMON         0x00000000200001e4        0x4 ./Drivers/STM32F1xx_HAL_Driver/Src/stm32f1xx_hal.o
                0x00000000200001e4                uwTick
                0x00000000200001e8                . = ALIGN (0x4)
                0x00000000200001e8                _ebss = .
                0x00000000200001e8                __bss_end__ = _ebss

._user_heap_stack
                0x00000000200001e8      0x600 load address 0x00000000080030f0
                0x00000000200001e8                . = ALIGN (0x8)
                [!provide]                        PROVIDE (end = .)
                0x00000000200001e8                PROVIDE (_end = .)
                0x00000000200003e8                . = (. + _Min_Heap_Size)
 *fill*         0x00000000200001e8      0x200 
                0x00000000200007e8                . = (. + _Min_Stack_Size)
 *fill*         0x00000000200003e8      0x400 
                0x00000000200007e8                . = ALIGN (0x8)

/DISCARD/
 libc.a(*)
 libm.a(*)
 libgcc.a(*)

.ARM.attributes
                0x0000000000000000       0x29
 *(.ARM.attributes)
 .ARM.attributes
                0x0000000000000000       0x1d c:/st/stm32cubeide_1.7.0/stm32cubeide/plugins/com.st.stm32cube.ide.mcu.externaltools.gnu-tools-for-stm32.9-2020-q2-update.win32_2.0.0.202105311346/tools/bin/../lib/gcc/arm-none-eabi/9.3.1/thumb/v7-m/nofp/crti.o
 .ARM.attributes
                0x000000000000001d       0x2d c:/st/stm32cubeide_1.7.0/stm32cubeide/plugins/com.st.stm32cube.ide.mcu.externaltools.gnu-tools-for-stm32.9-2020-q2-update.win32_2.0.0.202105311346/tools/bin/../lib/gcc/arm-none-eabi/9.3.1/thumb/v7-m/nofp/crtbegin.o
 .ARM.attributes
                0x000000000000004a       0x2d ./Core/Src/main.o
 .ARM.attributes
                0x0000000000000077       0x2d ./Core/Src/stm32f1xx_hal_msp.o
 .ARM.attributes
                0x00000000000000a4       0x2d ./Core/Src/stm32f1xx_it.o
 .ARM.attributes
                0x00000000000000d1       0x2d ./Core/Src/system_stm32f1xx.o
 .ARM.attributes
                0x00000000000000fe       0x21 ./Core/Startup/startup_stm32f103c8tx.o
 .ARM.attributes
                0x000000000000011f       0x2d ./Drivers/STM32F1xx_HAL_Driver/Src/stm32f1xx_hal.o
 .ARM.attributes
                0x000000000000014c       0x2d ./Drivers/STM32F1xx_HAL_Driver/Src/stm32f1xx_hal_cortex.o
 .ARM.attributes
                0x0000000000000179       0x2d ./Drivers/STM32F1xx_HAL_Driver/Src/stm32f1xx_hal_gpio.o
 .ARM.attributes
                0x00000000000001a6       0x2d ./Drivers/STM32F1xx_HAL_Driver/Src/stm32f1xx_hal_i2c.o
 .ARM.attributes
                0x00000000000001d3       0x2d ./Drivers/STM32F1xx_HAL_Driver/Src/stm32f1xx_hal_rcc.o
 .ARM.attributes
                0x0000000000000200       0x2d ./Drivers/STM32F1xx_HAL_Driver/Src/stm32f1xx_hal_tim.o
 .ARM.attributes
                0x000000000000022d       0x2d ./Drivers/STM32F1xx_HAL_Driver/Src/stm32f1xx_hal_tim_ex.o
 .ARM.attributes
                0x000000000000025a       0x2d ./Drivers/STM32F1xx_HAL_Driver/Src/stm32f1xx_hal_uart.o
 .ARM.attributes
                0x0000000000000287       0x2d c:/st/stm32cubeide_1.7.0/stm32cubeide/plugins/com.st.stm32cube.ide.mcu.externaltools.gnu-tools-for-stm32.9-2020-q2-update.win32_2.0.0.202105311346/tools/bin/../lib/gcc/arm-none-eabi/9.3.1/../../../../arm-none-eabi/lib/thumb/v7-m/nofp\libc_nano.a(lib_a-init.o)
 .ARM.attributes
                0x00000000000002b4       0x2d c:/st/stm32cubeide_1.7.0/stm32cubeide/plugins/com.st.stm32cube.ide.mcu.externaltools.gnu-tools-for-stm32.9-2020-q2-update.win32_2.0.0.202105311346/tools/bin/../lib/gcc/arm-none-eabi/9.3.1/../../../../arm-none-eabi/lib/thumb/v7-m/nofp\libc_nano.a(lib_a-memset.o)
 .ARM.attributes
                0x00000000000002e1       0x1d c:/st/stm32cubeide_1.7.0/stm32cubeide/plugins/com.st.stm32cube.ide.mcu.externaltools.gnu-tools-for-stm32.9-2020-q2-update.win32_2.0.0.202105311346/tools/bin/../lib/gcc/arm-none-eabi/9.3.1/thumb/v7-m/nofp\libgcc.a(_arm_muldf3.o)
 .ARM.attributes
                0x00000000000002fe       0x1d c:/st/stm32cubeide_1.7.0/stm32cubeide/plugins/com.st.stm32cube.ide.mcu.externaltools.gnu-tools-for-stm32.9-2020-q2-update.win32_2.0.0.202105311346/tools/bin/../lib/gcc/arm-none-eabi/9.3.1/thumb/v7-m/nofp\libgcc.a(_arm_addsubdf3.o)
 .ARM.attributes
                0x000000000000031b       0x1d c:/st/stm32cubeide_1.7.0/stm32cubeide/plugins/com.st.stm32cube.ide.mcu.externaltools.gnu-tools-for-stm32.9-2020-q2-update.win32_2.0.0.202105311346/tools/bin/../lib/gcc/arm-none-eabi/9.3.1/thumb/v7-m/nofp\libgcc.a(_arm_fixdfsi.o)
 .ARM.attributes
                0x0000000000000338       0x1d c:/st/stm32cubeide_1.7.0/stm32cubeide/plugins/com.st.stm32cube.ide.mcu.externaltools.gnu-tools-for-stm32.9-2020-q2-update.win32_2.0.0.202105311346/tools/bin/../lib/gcc/arm-none-eabi/9.3.1/thumb/v7-m/nofp/crtn.o
OUTPUT(ENCODERS_PRUEBA_4.elf elf32-littlearm)
LOAD linker stubs
LOAD c:/st/stm32cubeide_1.7.0/stm32cubeide/plugins/com.st.stm32cube.ide.mcu.externaltools.gnu-tools-for-stm32.9-2020-q2-update.win32_2.0.0.202105311346/tools/bin/../lib/gcc/arm-none-eabi/9.3.1/../../../../arm-none-eabi/lib/thumb/v7-m/nofp\libc.a
LOAD c:/st/stm32cubeide_1.7.0/stm32cubeide/plugins/com.st.stm32cube.ide.mcu.externaltools.gnu-tools-for-stm32.9-2020-q2-update.win32_2.0.0.202105311346/tools/bin/../lib/gcc/arm-none-eabi/9.3.1/../../../../arm-none-eabi/lib/thumb/v7-m/nofp\libm.a
LOAD c:/st/stm32cubeide_1.7.0/stm32cubeide/plugins/com.st.stm32cube.ide.mcu.externaltools.gnu-tools-for-stm32.9-2020-q2-update.win32_2.0.0.202105311346/tools/bin/../lib/gcc/arm-none-eabi/9.3.1/thumb/v7-m/nofp\libgcc.a

.debug_info     0x0000000000000000     0xf25a
 .debug_info    0x0000000000000000     0x1dc6 ./Core/Src/main.o
 .debug_info    0x0000000000001dc6     0x1110 ./Core/Src/stm32f1xx_hal_msp.o
 .debug_info    0x0000000000002ed6      0x31f ./Core/Src/stm32f1xx_it.o
 .debug_info    0x00000000000031f5      0x2be ./Core/Src/system_stm32f1xx.o
 .debug_info    0x00000000000034b3       0x22 ./Core/Startup/startup_stm32f103c8tx.o
 .debug_info    0x00000000000034d5      0x76a ./Drivers/STM32F1xx_HAL_Driver/Src/stm32f1xx_hal.o
 .debug_info    0x0000000000003c3f      0xbdc ./Drivers/STM32F1xx_HAL_Driver/Src/stm32f1xx_hal_cortex.o
 .debug_info    0x000000000000481b      0x701 ./Drivers/STM32F1xx_HAL_Driver/Src/stm32f1xx_hal_gpio.o
 .debug_info    0x0000000000004f1c     0x27cb ./Drivers/STM32F1xx_HAL_Driver/Src/stm32f1xx_hal_i2c.o
 .debug_info    0x00000000000076e7      0x893 ./Drivers/STM32F1xx_HAL_Driver/Src/stm32f1xx_hal_rcc.o
 .debug_info    0x0000000000007f7a     0x2c32 ./Drivers/STM32F1xx_HAL_Driver/Src/stm32f1xx_hal_tim.o
 .debug_info    0x000000000000abac     0x157f ./Drivers/STM32F1xx_HAL_Driver/Src/stm32f1xx_hal_tim_ex.o
 .debug_info    0x000000000000c12b     0x312f ./Drivers/STM32F1xx_HAL_Driver/Src/stm32f1xx_hal_uart.o

.debug_abbrev   0x0000000000000000     0x1b3f
 .debug_abbrev  0x0000000000000000      0x2d9 ./Core/Src/main.o
 .debug_abbrev  0x00000000000002d9      0x235 ./Core/Src/stm32f1xx_hal_msp.o
 .debug_abbrev  0x000000000000050e      0x13f ./Core/Src/stm32f1xx_it.o
 .debug_abbrev  0x000000000000064d      0x14e ./Core/Src/system_stm32f1xx.o
 .debug_abbrev  0x000000000000079b       0x12 ./Core/Startup/startup_stm32f103c8tx.o
 .debug_abbrev  0x00000000000007ad      0x1ed ./Drivers/STM32F1xx_HAL_Driver/Src/stm32f1xx_hal.o
 .debug_abbrev  0x000000000000099a      0x313 ./Drivers/STM32F1xx_HAL_Driver/Src/stm32f1xx_hal_cortex.o
 .debug_abbrev  0x0000000000000cad      0x1e8 ./Drivers/STM32F1xx_HAL_Driver/Src/stm32f1xx_hal_gpio.o
 .debug_abbrev  0x0000000000000e95      0x288 ./Drivers/STM32F1xx_HAL_Driver/Src/stm32f1xx_hal_i2c.o
 .debug_abbrev  0x000000000000111d      0x273 ./Drivers/STM32F1xx_HAL_Driver/Src/stm32f1xx_hal_rcc.o
 .debug_abbrev  0x0000000000001390      0x25e ./Drivers/STM32F1xx_HAL_Driver/Src/stm32f1xx_hal_tim.o
 .debug_abbrev  0x00000000000015ee      0x266 ./Drivers/STM32F1xx_HAL_Driver/Src/stm32f1xx_hal_tim_ex.o
 .debug_abbrev  0x0000000000001854      0x2eb ./Drivers/STM32F1xx_HAL_Driver/Src/stm32f1xx_hal_uart.o

.debug_aranges  0x0000000000000000      0xe38
 .debug_aranges
                0x0000000000000000       0x60 ./Core/Src/main.o
 .debug_aranges
                0x0000000000000060       0x68 ./Core/Src/stm32f1xx_hal_msp.o
 .debug_aranges
                0x00000000000000c8       0x70 ./Core/Src/stm32f1xx_it.o
 .debug_aranges
                0x0000000000000138       0x28 ./Core/Src/system_stm32f1xx.o
 .debug_aranges
                0x0000000000000160       0x28 ./Core/Startup/startup_stm32f103c8tx.o
 .debug_aranges
                0x0000000000000188       0xe0 ./Drivers/STM32F1xx_HAL_Driver/Src/stm32f1xx_hal.o
 .debug_aranges
                0x0000000000000268      0x100 ./Drivers/STM32F1xx_HAL_Driver/Src/stm32f1xx_hal_cortex.o
 .debug_aranges
                0x0000000000000368       0x58 ./Drivers/STM32F1xx_HAL_Driver/Src/stm32f1xx_hal_gpio.o
 .debug_aranges
                0x00000000000003c0      0x2a8 ./Drivers/STM32F1xx_HAL_Driver/Src/stm32f1xx_hal_i2c.o
 .debug_aranges
                0x0000000000000668       0x90 ./Drivers/STM32F1xx_HAL_Driver/Src/stm32f1xx_hal_rcc.o
 .debug_aranges
                0x00000000000006f8      0x3d0 ./Drivers/STM32F1xx_HAL_Driver/Src/stm32f1xx_hal_tim.o
 .debug_aranges
                0x0000000000000ac8      0x168 ./Drivers/STM32F1xx_HAL_Driver/Src/stm32f1xx_hal_tim_ex.o
 .debug_aranges
                0x0000000000000c30      0x208 ./Drivers/STM32F1xx_HAL_Driver/Src/stm32f1xx_hal_uart.o

.debug_ranges   0x0000000000000000      0xdb8
 .debug_ranges  0x0000000000000000       0x50 ./Core/Src/main.o
 .debug_ranges  0x0000000000000050       0x58 ./Core/Src/stm32f1xx_hal_msp.o
 .debug_ranges  0x00000000000000a8       0x60 ./Core/Src/stm32f1xx_it.o
 .debug_ranges  0x0000000000000108       0x18 ./Core/Src/system_stm32f1xx.o
 .debug_ranges  0x0000000000000120       0x20 ./Core/Startup/startup_stm32f103c8tx.o
 .debug_ranges  0x0000000000000140       0xd0 ./Drivers/STM32F1xx_HAL_Driver/Src/stm32f1xx_hal.o
 .debug_ranges  0x0000000000000210       0xf0 ./Drivers/STM32F1xx_HAL_Driver/Src/stm32f1xx_hal_cortex.o
 .debug_ranges  0x0000000000000300       0x48 ./Drivers/STM32F1xx_HAL_Driver/Src/stm32f1xx_hal_gpio.o
 .debug_ranges  0x0000000000000348      0x2b0 ./Drivers/STM32F1xx_HAL_Driver/Src/stm32f1xx_hal_i2c.o
 .debug_ranges  0x00000000000005f8       0x80 ./Drivers/STM32F1xx_HAL_Driver/Src/stm32f1xx_hal_rcc.o
 .debug_ranges  0x0000000000000678      0x3c0 ./Drivers/STM32F1xx_HAL_Driver/Src/stm32f1xx_hal_tim.o
 .debug_ranges  0x0000000000000a38      0x158 ./Drivers/STM32F1xx_HAL_Driver/Src/stm32f1xx_hal_tim_ex.o
 .debug_ranges  0x0000000000000b90      0x228 ./Drivers/STM32F1xx_HAL_Driver/Src/stm32f1xx_hal_uart.o

.debug_macro    0x0000000000000000    0x17c65
 .debug_macro   0x0000000000000000      0x392 ./Core/Src/main.o
 .debug_macro   0x0000000000000392      0xa9c ./Core/Src/main.o
 .debug_macro   0x0000000000000e2e      0x221 ./Core/Src/main.o
 .debug_macro   0x000000000000104f       0x2e ./Core/Src/main.o
 .debug_macro   0x000000000000107d       0x22 ./Core/Src/main.o
 .debug_macro   0x000000000000109f       0x22 ./Core/Src/main.o
 .debug_macro   0x00000000000010c1       0x8e ./Core/Src/main.o
 .debug_macro   0x000000000000114f       0x51 ./Core/Src/main.o
 .debug_macro   0x00000000000011a0      0x103 ./Core/Src/main.o
 .debug_macro   0x00000000000012a3       0x6a ./Core/Src/main.o
 .debug_macro   0x000000000000130d      0x1df ./Core/Src/main.o
 .debug_macro   0x00000000000014ec       0x1c ./Core/Src/main.o
 .debug_macro   0x0000000000001508       0x22 ./Core/Src/main.o
 .debug_macro   0x000000000000152a       0xc3 ./Core/Src/main.o
 .debug_macro   0x00000000000015ed      0xd23 ./Core/Src/main.o
 .debug_macro   0x0000000000002310     0xe09e ./Core/Src/main.o
 .debug_macro   0x00000000000103ae       0x6d ./Core/Src/main.o
 .debug_macro   0x000000000001041b     0x34a2 ./Core/Src/main.o
 .debug_macro   0x00000000000138bd      0x174 ./Core/Src/main.o
 .debug_macro   0x0000000000013a31       0x5c ./Core/Src/main.o
 .debug_macro   0x0000000000013a8d      0x5bc ./Core/Src/main.o
 .debug_macro   0x0000000000014049      0x289 ./Core/Src/main.o
 .debug_macro   0x00000000000142d2      0x1cb ./Core/Src/main.o
 .debug_macro   0x000000000001449d      0x114 ./Core/Src/main.o
 .debug_macro   0x00000000000145b1      0x1b2 ./Core/Src/main.o
 .debug_macro   0x0000000000014763       0x27 ./Core/Src/main.o
 .debug_macro   0x000000000001478a      0x136 ./Core/Src/main.o
 .debug_macro   0x00000000000148c0      0x1bc ./Core/Src/main.o
 .debug_macro   0x0000000000014a7c       0x34 ./Core/Src/main.o
 .debug_macro   0x0000000000014ab0       0x3c ./Core/Src/main.o
 .debug_macro   0x0000000000014aec       0x57 ./Core/Src/main.o
 .debug_macro   0x0000000000014b43       0x87 ./Core/Src/main.o
 .debug_macro   0x0000000000014bca      0x240 ./Core/Src/main.o
 .debug_macro   0x0000000000014e0a      0x287 ./Core/Src/main.o
 .debug_macro   0x0000000000015091      0x140 ./Core/Src/main.o
 .debug_macro   0x00000000000151d1      0x8ed ./Core/Src/main.o
 .debug_macro   0x0000000000015abe      0x28e ./Core/Src/main.o
 .debug_macro   0x0000000000015d4c       0x83 ./Core/Src/main.o
 .debug_macro   0x0000000000015dcf       0x52 ./Core/Src/main.o
 .debug_macro   0x0000000000015e21       0x18 ./Core/Src/main.o
 .debug_macro   0x0000000000015e39       0x3c ./Core/Src/main.o
 .debug_macro   0x0000000000015e75       0x34 ./Core/Src/main.o
 .debug_macro   0x0000000000015ea9       0x16 ./Core/Src/main.o
 .debug_macro   0x0000000000015ebf       0x35 ./Core/Src/main.o
 .debug_macro   0x0000000000015ef4      0x333 ./Core/Src/main.o
 .debug_macro   0x0000000000016227       0x10 ./Core/Src/main.o
 .debug_macro   0x0000000000016237       0x16 ./Core/Src/main.o
 .debug_macro   0x000000000001624d       0x43 ./Core/Src/main.o
 .debug_macro   0x0000000000016290       0x34 ./Core/Src/main.o
 .debug_macro   0x00000000000162c4       0x10 ./Core/Src/main.o
 .debug_macro   0x00000000000162d4       0x58 ./Core/Src/main.o
 .debug_macro   0x000000000001632c       0x71 ./Core/Src/main.o
 .debug_macro   0x000000000001639d       0x1c ./Core/Src/main.o
 .debug_macro   0x00000000000163b9      0x12a ./Core/Src/main.o
 .debug_macro   0x00000000000164e3       0x10 ./Core/Src/main.o
 .debug_macro   0x00000000000164f3       0x1c ./Core/Src/main.o
 .debug_macro   0x000000000001650f       0x52 ./Core/Src/main.o
 .debug_macro   0x0000000000016561       0x22 ./Core/Src/main.o
 .debug_macro   0x0000000000016583       0x10 ./Core/Src/main.o
 .debug_macro   0x0000000000016593       0x40 ./Core/Src/main.o
 .debug_macro   0x00000000000165d3       0xd5 ./Core/Src/main.o
 .debug_macro   0x00000000000166a8       0x1c ./Core/Src/main.o
 .debug_macro   0x00000000000166c4       0x3d ./Core/Src/main.o
 .debug_macro   0x0000000000016701       0x16 ./Core/Src/main.o
 .debug_macro   0x0000000000016717      0x145 ./Core/Src/main.o
 .debug_macro   0x000000000001685c       0x16 ./Core/Src/main.o
 .debug_macro   0x0000000000016872       0x20 ./Core/Src/main.o
 .debug_macro   0x0000000000016892       0x16 ./Core/Src/main.o
 .debug_macro   0x00000000000168a8       0x16 ./Core/Src/main.o
 .debug_macro   0x00000000000168be       0x29 ./Core/Src/main.o
 .debug_macro   0x00000000000168e7      0x1b7 ./Core/Src/stm32f1xx_hal_msp.o
 .debug_macro   0x0000000000016a9e      0x1c1 ./Core/Src/stm32f1xx_it.o
 .debug_macro   0x0000000000016c5f      0x1ad ./Core/Src/system_stm32f1xx.o
 .debug_macro   0x0000000000016e0c      0x1d1 ./Drivers/STM32F1xx_HAL_Driver/Src/stm32f1xx_hal.o
 .debug_macro   0x0000000000016fdd      0x1ad ./Drivers/STM32F1xx_HAL_Driver/Src/stm32f1xx_hal_cortex.o
 .debug_macro   0x000000000001718a      0x218 ./Drivers/STM32F1xx_HAL_Driver/Src/stm32f1xx_hal_gpio.o
 .debug_macro   0x00000000000173a2      0x1fb ./Drivers/STM32F1xx_HAL_Driver/Src/stm32f1xx_hal_i2c.o
 .debug_macro   0x000000000001759d      0x1bf ./Drivers/STM32F1xx_HAL_Driver/Src/stm32f1xx_hal_rcc.o
 .debug_macro   0x000000000001775c      0x1ae ./Drivers/STM32F1xx_HAL_Driver/Src/stm32f1xx_hal_tim.o
 .debug_macro   0x000000000001790a      0x1ad ./Drivers/STM32F1xx_HAL_Driver/Src/stm32f1xx_hal_tim_ex.o
 .debug_macro   0x0000000000017ab7      0x1ae ./Drivers/STM32F1xx_HAL_Driver/Src/stm32f1xx_hal_uart.o

.debug_line     0x0000000000000000     0xfda7
 .debug_line    0x0000000000000000      0xb94 ./Core/Src/main.o
 .debug_line    0x0000000000000b94      0x808 ./Core/Src/stm32f1xx_hal_msp.o
 .debug_line    0x000000000000139c      0x7b1 ./Core/Src/stm32f1xx_it.o
 .debug_line    0x0000000000001b4d      0x712 ./Core/Src/system_stm32f1xx.o
 .debug_line    0x000000000000225f       0x86 ./Core/Startup/startup_stm32f103c8tx.o
 .debug_line    0x00000000000022e5      0x93f ./Drivers/STM32F1xx_HAL_Driver/Src/stm32f1xx_hal.o
 .debug_line    0x0000000000002c24      0xb27 ./Drivers/STM32F1xx_HAL_Driver/Src/stm32f1xx_hal_cortex.o
 .debug_line    0x000000000000374b      0x9d8 ./Drivers/STM32F1xx_HAL_Driver/Src/stm32f1xx_hal_gpio.o
 .debug_line    0x0000000000004123     0x3ad5 ./Drivers/STM32F1xx_HAL_Driver/Src/stm32f1xx_hal_i2c.o
 .debug_line    0x0000000000007bf8      0xd4b ./Drivers/STM32F1xx_HAL_Driver/Src/stm32f1xx_hal_rcc.o
 .debug_line    0x0000000000008943     0x33d9 ./Drivers/STM32F1xx_HAL_Driver/Src/stm32f1xx_hal_tim.o
 .debug_line    0x000000000000bd1c     0x1885 ./Drivers/STM32F1xx_HAL_Driver/Src/stm32f1xx_hal_tim_ex.o
 .debug_line    0x000000000000d5a1     0x2806 ./Drivers/STM32F1xx_HAL_Driver/Src/stm32f1xx_hal_uart.o

.debug_str      0x0000000000000000    0x8cf3b
 .debug_str     0x0000000000000000    0x89d5a ./Core/Src/main.o
                                      0x8a2bd (size before relaxing)
 .debug_str     0x0000000000089d5a      0x136 ./Core/Src/stm32f1xx_hal_msp.o
                                      0x85aae (size before relaxing)
 .debug_str     0x0000000000089e90      0x10e ./Core/Src/stm32f1xx_it.o
                                      0x85110 (size before relaxing)
 .debug_str     0x0000000000089f9e       0x52 ./Core/Src/system_stm32f1xx.o
                                      0x85046 (size before relaxing)
 .debug_str     0x0000000000089ff0       0x36 ./Core/Startup/startup_stm32f103c8tx.o
                                         0x7b (size before relaxing)
 .debug_str     0x000000000008a026      0x304 ./Drivers/STM32F1xx_HAL_Driver/Src/stm32f1xx_hal.o
                                      0x856d7 (size before relaxing)
 .debug_str     0x000000000008a32a      0x300 ./Drivers/STM32F1xx_HAL_Driver/Src/stm32f1xx_hal_cortex.o
                                      0x856df (size before relaxing)
 .debug_str     0x000000000008a62a      0x304 ./Drivers/STM32F1xx_HAL_Driver/Src/stm32f1xx_hal_gpio.o
                                      0x8540a (size before relaxing)
 .debug_str     0x000000000008a92e      0xb9a ./Drivers/STM32F1xx_HAL_Driver/Src/stm32f1xx_hal_i2c.o
                                      0x860d5 (size before relaxing)
 .debug_str     0x000000000008b4c8      0x244 ./Drivers/STM32F1xx_HAL_Driver/Src/stm32f1xx_hal_rcc.o
                                      0x85443 (size before relaxing)
 .debug_str     0x000000000008b70c      0xd32 ./Drivers/STM32F1xx_HAL_Driver/Src/stm32f1xx_hal_tim.o
                                      0x8642c (size before relaxing)
 .debug_str     0x000000000008c43e      0x4ee ./Drivers/STM32F1xx_HAL_Driver/Src/stm32f1xx_hal_tim_ex.o
                                      0x85bcd (size before relaxing)
 .debug_str     0x000000000008c92c      0x60f ./Drivers/STM32F1xx_HAL_Driver/Src/stm32f1xx_hal_uart.o
                                      0x85a9b (size before relaxing)

.comment        0x0000000000000000       0x53
 .comment       0x0000000000000000       0x53 ./Core/Src/main.o
                                         0x54 (size before relaxing)
 .comment       0x0000000000000053       0x54 ./Core/Src/stm32f1xx_hal_msp.o
 .comment       0x0000000000000053       0x54 ./Core/Src/stm32f1xx_it.o
 .comment       0x0000000000000053       0x54 ./Core/Src/system_stm32f1xx.o
 .comment       0x0000000000000053       0x54 ./Drivers/STM32F1xx_HAL_Driver/Src/stm32f1xx_hal.o
 .comment       0x0000000000000053       0x54 ./Drivers/STM32F1xx_HAL_Driver/Src/stm32f1xx_hal_cortex.o
 .comment       0x0000000000000053       0x54 ./Drivers/STM32F1xx_HAL_Driver/Src/stm32f1xx_hal_gpio.o
 .comment       0x0000000000000053       0x54 ./Drivers/STM32F1xx_HAL_Driver/Src/stm32f1xx_hal_i2c.o
 .comment       0x0000000000000053       0x54 ./Drivers/STM32F1xx_HAL_Driver/Src/stm32f1xx_hal_rcc.o
 .comment       0x0000000000000053       0x54 ./Drivers/STM32F1xx_HAL_Driver/Src/stm32f1xx_hal_tim.o
 .comment       0x0000000000000053       0x54 ./Drivers/STM32F1xx_HAL_Driver/Src/stm32f1xx_hal_tim_ex.o
 .comment       0x0000000000000053       0x54 ./Drivers/STM32F1xx_HAL_Driver/Src/stm32f1xx_hal_uart.o

.debug_frame    0x0000000000000000     0x3e14
 .debug_frame   0x0000000000000000      0x130 ./Core/Src/main.o
 .debug_frame   0x0000000000000130      0x184 ./Core/Src/stm32f1xx_hal_msp.o
 .debug_frame   0x00000000000002b4      0x144 ./Core/Src/stm32f1xx_it.o
 .debug_frame   0x00000000000003f8       0x58 ./Core/Src/system_stm32f1xx.o
 .debug_frame   0x0000000000000450      0x334 ./Drivers/STM32F1xx_HAL_Driver/Src/stm32f1xx_hal.o
 .debug_frame   0x0000000000000784      0x428 ./Drivers/STM32F1xx_HAL_Driver/Src/stm32f1xx_hal_cortex.o
 .debug_frame   0x0000000000000bac      0x14c ./Drivers/STM32F1xx_HAL_Driver/Src/stm32f1xx_hal_gpio.o
 .debug_frame   0x0000000000000cf8      0xc84 ./Drivers/STM32F1xx_HAL_Driver/Src/stm32f1xx_hal_i2c.o
 .debug_frame   0x000000000000197c      0x218 ./Drivers/STM32F1xx_HAL_Driver/Src/stm32f1xx_hal_rcc.o
 .debug_frame   0x0000000000001b94     0x11b8 ./Drivers/STM32F1xx_HAL_Driver/Src/stm32f1xx_hal_tim.o
 .debug_frame   0x0000000000002d4c      0x638 ./Drivers/STM32F1xx_HAL_Driver/Src/stm32f1xx_hal_tim_ex.o
 .debug_frame   0x0000000000003384      0x944 ./Drivers/STM32F1xx_HAL_Driver/Src/stm32f1xx_hal_uart.o
 .debug_frame   0x0000000000003cc8       0x2c c:/st/stm32cubeide_1.7.0/stm32cubeide/plugins/com.st.stm32cube.ide.mcu.externaltools.gnu-tools-for-stm32.9-2020-q2-update.win32_2.0.0.202105311346/tools/bin/../lib/gcc/arm-none-eabi/9.3.1/../../../../arm-none-eabi/lib/thumb/v7-m/nofp\libc_nano.a(lib_a-init.o)
 .debug_frame   0x0000000000003cf4       0x20 c:/st/stm32cubeide_1.7.0/stm32cubeide/plugins/com.st.stm32cube.ide.mcu.externaltools.gnu-tools-for-stm32.9-2020-q2-update.win32_2.0.0.202105311346/tools/bin/../lib/gcc/arm-none-eabi/9.3.1/../../../../arm-none-eabi/lib/thumb/v7-m/nofp\libc_nano.a(lib_a-memset.o)
 .debug_frame   0x0000000000003d14       0x30 c:/st/stm32cubeide_1.7.0/stm32cubeide/plugins/com.st.stm32cube.ide.mcu.externaltools.gnu-tools-for-stm32.9-2020-q2-update.win32_2.0.0.202105311346/tools/bin/../lib/gcc/arm-none-eabi/9.3.1/thumb/v7-m/nofp\libgcc.a(_arm_muldf3.o)
 .debug_frame   0x0000000000003d44       0xac c:/st/stm32cubeide_1.7.0/stm32cubeide/plugins/com.st.stm32cube.ide.mcu.externaltools.gnu-tools-for-stm32.9-2020-q2-update.win32_2.0.0.202105311346/tools/bin/../lib/gcc/arm-none-eabi/9.3.1/thumb/v7-m/nofp\libgcc.a(_arm_addsubdf3.o)
 .debug_frame   0x0000000000003df0       0x24 c:/st/stm32cubeide_1.7.0/stm32cubeide/plugins/com.st.stm32cube.ide.mcu.externaltools.gnu-tools-for-stm32.9-2020-q2-update.win32_2.0.0.202105311346/tools/bin/../lib/gcc/arm-none-eabi/9.3.1/thumb/v7-m/nofp\libgcc.a(_arm_fixdfsi.o)
