Archive member included to satisfy reference by file (symbol)

c:/st/stm32cubeide_1.7.0/stm32cubeide/plugins/com.st.stm32cube.ide.mcu.externaltools.gnu-tools-for-stm32.9-2020-q2-update.win32_2.0.0.202105311346/tools/bin/../lib/gcc/arm-none-eabi/9.3.1/../../../../arm-none-eabi/lib/thumb/v7-m/nofp\libc_nano.a(lib_a-errno.o)
                              ./Core/Src/syscalls.o (__errno)
c:/st/stm32cubeide_1.7.0/stm32cubeide/plugins/com.st.stm32cube.ide.mcu.externaltools.gnu-tools-for-stm32.9-2020-q2-update.win32_2.0.0.202105311346/tools/bin/../lib/gcc/arm-none-eabi/9.3.1/../../../../arm-none-eabi/lib/thumb/v7-m/nofp\libc_nano.a(lib_a-exit.o)
                              c:/st/stm32cubeide_1.7.0/stm32cubeide/plugins/com.st.stm32cube.ide.mcu.externaltools.gnu-tools-for-stm32.9-2020-q2-update.win32_2.0.0.202105311346/tools/bin/../lib/gcc/arm-none-eabi/9.3.1/../../../../arm-none-eabi/lib/thumb/v7-m/nofp/crt0.o (exit)
c:/st/stm32cubeide_1.7.0/stm32cubeide/plugins/com.st.stm32cube.ide.mcu.externaltools.gnu-tools-for-stm32.9-2020-q2-update.win32_2.0.0.202105311346/tools/bin/../lib/gcc/arm-none-eabi/9.3.1/../../../../arm-none-eabi/lib/thumb/v7-m/nofp\libc_nano.a(lib_a-impure.o)
                              c:/st/stm32cubeide_1.7.0/stm32cubeide/plugins/com.st.stm32cube.ide.mcu.externaltools.gnu-tools-for-stm32.9-2020-q2-update.win32_2.0.0.202105311346/tools/bin/../lib/gcc/arm-none-eabi/9.3.1/../../../../arm-none-eabi/lib/thumb/v7-m/nofp\libc_nano.a(lib_a-exit.o) (_global_impure_ptr)
c:/st/stm32cubeide_1.7.0/stm32cubeide/plugins/com.st.stm32cube.ide.mcu.externaltools.gnu-tools-for-stm32.9-2020-q2-update.win32_2.0.0.202105311346/tools/bin/../lib/gcc/arm-none-eabi/9.3.1/../../../../arm-none-eabi/lib/thumb/v7-m/nofp\libc_nano.a(lib_a-init.o)
                              c:/st/stm32cubeide_1.7.0/stm32cubeide/plugins/com.st.stm32cube.ide.mcu.externaltools.gnu-tools-for-stm32.9-2020-q2-update.win32_2.0.0.202105311346/tools/bin/../lib/gcc/arm-none-eabi/9.3.1/../../../../arm-none-eabi/lib/thumb/v7-m/nofp/crt0.o (__libc_init_array)
c:/st/stm32cubeide_1.7.0/stm32cubeide/plugins/com.st.stm32cube.ide.mcu.externaltools.gnu-tools-for-stm32.9-2020-q2-update.win32_2.0.0.202105311346/tools/bin/../lib/gcc/arm-none-eabi/9.3.1/../../../../arm-none-eabi/lib/thumb/v7-m/nofp\libc_nano.a(lib_a-memset.o)
                              c:/st/stm32cubeide_1.7.0/stm32cubeide/plugins/com.st.stm32cube.ide.mcu.externaltools.gnu-tools-for-stm32.9-2020-q2-update.win32_2.0.0.202105311346/tools/bin/../lib/gcc/arm-none-eabi/9.3.1/../../../../arm-none-eabi/lib/thumb/v7-m/nofp/crt0.o (memset)

Allocating common symbols
Common symbol       size              file

htim4               0x48              ./Core/Src/main.o
hi2c2               0x54              ./Core/Src/main.o
uwTick              0x4               ./Drivers/STM32F1xx_HAL_Driver/Src/stm32f1xx_hal.o
pFlash              0x20              ./Drivers/STM32F1xx_HAL_Driver/Src/stm32f1xx_hal_flash.o
htim3               0x48              ./Core/Src/main.o
htim2               0x48              ./Core/Src/main.o

Discarded input sections

 .text          0x0000000000000000        0x0 c:/st/stm32cubeide_1.7.0/stm32cubeide/plugins/com.st.stm32cube.ide.mcu.externaltools.gnu-tools-for-stm32.9-2020-q2-update.win32_2.0.0.202105311346/tools/bin/../lib/gcc/arm-none-eabi/9.3.1/thumb/v7-m/nofp/crti.o
 .data          0x0000000000000000        0x0 c:/st/stm32cubeide_1.7.0/stm32cubeide/plugins/com.st.stm32cube.ide.mcu.externaltools.gnu-tools-for-stm32.9-2020-q2-update.win32_2.0.0.202105311346/tools/bin/../lib/gcc/arm-none-eabi/9.3.1/thumb/v7-m/nofp/crti.o
 .bss           0x0000000000000000        0x0 c:/st/stm32cubeide_1.7.0/stm32cubeide/plugins/com.st.stm32cube.ide.mcu.externaltools.gnu-tools-for-stm32.9-2020-q2-update.win32_2.0.0.202105311346/tools/bin/../lib/gcc/arm-none-eabi/9.3.1/thumb/v7-m/nofp/crti.o
 .data          0x0000000000000000        0x4 c:/st/stm32cubeide_1.7.0/stm32cubeide/plugins/com.st.stm32cube.ide.mcu.externaltools.gnu-tools-for-stm32.9-2020-q2-update.win32_2.0.0.202105311346/tools/bin/../lib/gcc/arm-none-eabi/9.3.1/thumb/v7-m/nofp/crtbegin.o
 .text          0x0000000000000000       0x7c c:/st/stm32cubeide_1.7.0/stm32cubeide/plugins/com.st.stm32cube.ide.mcu.externaltools.gnu-tools-for-stm32.9-2020-q2-update.win32_2.0.0.202105311346/tools/bin/../lib/gcc/arm-none-eabi/9.3.1/../../../../arm-none-eabi/lib/thumb/v7-m/nofp/crt0.o
 .data          0x0000000000000000        0x0 c:/st/stm32cubeide_1.7.0/stm32cubeide/plugins/com.st.stm32cube.ide.mcu.externaltools.gnu-tools-for-stm32.9-2020-q2-update.win32_2.0.0.202105311346/tools/bin/../lib/gcc/arm-none-eabi/9.3.1/../../../../arm-none-eabi/lib/thumb/v7-m/nofp/crt0.o
 .bss           0x0000000000000000        0x0 c:/st/stm32cubeide_1.7.0/stm32cubeide/plugins/com.st.stm32cube.ide.mcu.externaltools.gnu-tools-for-stm32.9-2020-q2-update.win32_2.0.0.202105311346/tools/bin/../lib/gcc/arm-none-eabi/9.3.1/../../../../arm-none-eabi/lib/thumb/v7-m/nofp/crt0.o
[...]
Memory Configuration

Name             Origin             Length             Attributes
RAM              0x0000000020000000 0x0000000000005000 xrw
FLASH            0x0000000008000000 0x0000000000010000 xr
*default*        0x0000000000000000 0xffffffffffffffff

Linker script and memory map

LOAD c:/st/stm32cubeide_1.7.0/stm32cubeide/plugins/com.st.stm32cube.ide.mcu.externaltools.gnu-tools-for-stm32.9-2020-q2-update.win32_2.0.0.202105311346/tools/bin/../lib/gcc/arm-none-eabi/9.3.1/thumb/v7-m/nofp/crti.o
LOAD c:/st/stm32cubeide_1.7.0/stm32cubeide/plugins/com.st.stm32cube.ide.mcu.externaltools.gnu-tools-for-stm32.9-2020-q2-update.win32_2.0.0.202105311346/tools/bin/../lib/gcc/arm-none-eabi/9.3.1/thumb/v7-m/nofp/crtbegin.o
LOAD c:/st/stm32cubeide_1.7.0/stm32cubeide/plugins/com.st.stm32cube.ide.mcu.externaltools.gnu-tools-for-stm32.9-2020-q2-update.win32_2.0.0.202105311346/tools/bin/../lib/gcc/arm-none-eabi/9.3.1/../../../../arm-none-eabi/lib/thumb/v7-m/nofp/crt0.o
LOAD ./Core/Src/main.o
LOAD ./Core/Src/stm32f1xx_hal_msp.o
LOAD ./Core/Src/stm32f1xx_it.o
LOAD ./Core/Src/syscalls.o
LOAD ./Core/Src/sysmem.o
LOAD ./Core/Src/system_stm32f1xx.o
LOAD ./Core/Startup/startup_stm32f103c8tx.o
LOAD ./Drivers/STM32F1xx_HAL_Driver/Src/stm32f1xx_hal.o
LOAD ./Drivers/STM32F1xx_HAL_Driver/Src/stm32f1xx_hal_cortex.o
LOAD ./Drivers/STM32F1xx_HAL_Driver/Src/stm32f1xx_hal_dma.o
LOAD ./Drivers/STM32F1xx_HAL_Driver/Src/stm32f1xx_hal_exti.o
LOAD ./Drivers/STM32F1xx_HAL_Driver/Src/stm32f1xx_hal_flash.o
LOAD ./Drivers/STM32F1xx_HAL_Driver/Src/stm32f1xx_hal_flash_ex.o
LOAD ./Drivers/STM32F1xx_HAL_Driver/Src/stm32f1xx_hal_gpio.o
LOAD ./Drivers/STM32F1xx_HAL_Driver/Src/stm32f1xx_hal_gpio_ex.o
LOAD ./Drivers/STM32F1xx_HAL_Driver/Src/stm32f1xx_hal_i2c.o
LOAD ./Drivers/STM32F1xx_HAL_Driver/Src/stm32f1xx_hal_pwr.o
LOAD ./Drivers/STM32F1xx_HAL_Driver/Src/stm32f1xx_hal_rcc.o
LOAD ./Drivers/STM32F1xx_HAL_Driver/Src/stm32f1xx_hal_rcc_ex.o
LOAD ./Drivers/STM32F1xx_HAL_Driver/Src/stm32f1xx_hal_tim.o
LOAD ./Drivers/STM32F1xx_HAL_Driver/Src/stm32f1xx_hal_tim_ex.o
START GROUP
LOAD c:/st/stm32cubeide_1.7.0/stm32cubeide/plugins/com.st.stm32cube.ide.mcu.externaltools.gnu-tools-for-stm32.9-2020-q2-update.win32_2.0.0.202105311346/tools/bin/../lib/gcc/arm-none-eabi/9.3.1/../../../../arm-none-eabi/lib/thumb/v7-m/nofp\libstdc++_nano.a
LOAD c:/st/stm32cubeide_1.7.0/stm32cubeide/plugins/com.st.stm32cube.ide.mcu.externaltools.gnu-tools-for-stm32.9-2020-q2-update.win32_2.0.0.202105311346/tools/bin/../lib/gcc/arm-none-eabi/9.3.1/../../../../arm-none-eabi/lib/thumb/v7-m/nofp\libsupc++_nano.a
END GROUP
LOAD c:/st/stm32cubeide_1.7.0/stm32cubeide/plugins/com.st.stm32cube.ide.mcu.externaltools.gnu-tools-for-stm32.9-2020-q2-update.win32_2.0.0.202105311346/tools/bin/../lib/gcc/arm-none-eabi/9.3.1/../../../../arm-none-eabi/lib/thumb/v7-m/nofp\libstdc++_nano.a
LOAD c:/st/stm32cubeide_1.7.0/stm32cubeide/plugins/com.st.stm32cube.ide.mcu.externaltools.gnu-tools-for-stm32.9-2020-q2-update.win32_2.0.0.202105311346/tools/bin/../lib/gcc/arm-none-eabi/9.3.1/../../../../arm-none-eabi/lib/thumb/v7-m/nofp\libm.a
LOAD c:/st/stm32cubeide_1.7.0/stm32cubeide/plugins/com.st.stm32cube.ide.mcu.externaltools.gnu-tools-for-stm32.9-2020-q2-update.win32_2.0.0.202105311346/tools/bin/../lib/gcc/arm-none-eabi/9.3.1/../../../../arm-none-eabi/lib/thumb/v7-m/nofp\libc_nano.a
START GROUP
LOAD c:/st/stm32cubeide_1.7.0/stm32cubeide/plugins/com.st.stm32cube.ide.mcu.externaltools.gnu-tools-for-stm32.9-2020-q2-update.win32_2.0.0.202105311346/tools/bin/../lib/gcc/arm-none-eabi/9.3.1/thumb/v7-m/nofp\libgcc.a
LOAD c:/st/stm32cubeide_1.7.0/stm32cubeide/plugins/com.st.stm32cube.ide.mcu.externaltools.gnu-tools-for-stm32.9-2020-q2-update.win32_2.0.0.202105311346/tools/bin/../lib/gcc/arm-none-eabi/9.3.1/../../../../arm-none-eabi/lib/thumb/v7-m/nofp\libc_nano.a
END GROUP
START GROUP
LOAD c:/st/stm32cubeide_1.7.0/stm32cubeide/plugins/com.st.stm32cube.ide.mcu.externaltools.gnu-tools-for-stm32.9-2020-q2-update.win32_2.0.0.202105311346/tools/bin/../lib/gcc/arm-none-eabi/9.3.1/thumb/v7-m/nofp\libgcc.a
LOAD c:/st/stm32cubeide_1.7.0/stm32cubeide/plugins/com.st.stm32cube.ide.mcu.externaltools.gnu-tools-for-stm32.9-2020-q2-update.win32_2.0.0.202105311346/tools/bin/../lib/gcc/arm-none-eabi/9.3.1/../../../../arm-none-eabi/lib/thumb/v7-m/nofp\libc_nano.a
LOAD c:/st/stm32cubeide_1.7.0/stm32cubeide/plugins/com.st.stm32cube.ide.mcu.externaltools.gnu-tools-for-stm32.9-2020-q2-update.win32_2.0.0.202105311346/tools/bin/../lib/gcc/arm-none-eabi/9.3.1/../../../../arm-none-eabi/lib/thumb/v7-m/nofp\libnosys.a
END GROUP
START GROUP
LOAD c:/st/stm32cubeide_1.7.0/stm32cubeide/plugins/com.st.stm32cube.ide.mcu.externaltools.gnu-tools-for-stm32.9-2020-q2-update.win32_2.0.0.202105311346/tools/bin/../lib/gcc/arm-none-eabi/9.3.1/thumb/v7-m/nofp\libgcc.a
LOAD c:/st/stm32cubeide_1.7.0/stm32cubeide/plugins/com.st.stm32cube.ide.mcu.externaltools.gnu-tools-for-stm32.9-2020-q2-update.win32_2.0.0.202105311346/tools/bin/../lib/gcc/arm-none-eabi/9.3.1/../../../../arm-none-eabi/lib/thumb/v7-m/nofp\libc_nano.a
LOAD c:/st/stm32cubeide_1.7.0/stm32cubeide/plugins/com.st.stm32cube.ide.mcu.externaltools.gnu-tools-for-stm32.9-2020-q2-update.win32_2.0.0.202105311346/tools/bin/../lib/gcc/arm-none-eabi/9.3.1/../../../../arm-none-eabi/lib/thumb/v7-m/nofp\libnosys.a
END GROUP
LOAD c:/st/stm32cubeide_1.7.0/stm32cubeide/plugins/com.st.stm32cube.ide.mcu.externaltools.gnu-tools-for-stm32.9-2020-q2-update.win32_2.0.0.202105311346/tools/bin/../lib/gcc/arm-none-eabi/9.3.1/thumb/v7-m/nofp/crtend.o
LOAD c:/st/stm32cubeide_1.7.0/stm32cubeide/plugins/com.st.stm32cube.ide.mcu.externaltools.gnu-tools-for-stm32.9-2020-q2-update.win32_2.0.0.202105311346/tools/bin/../lib/gcc/arm-none-eabi/9.3.1/thumb/v7-m/nofp/crtn.o
                0x0000000020005000                _estack = (ORIGIN (RAM) + LENGTH (RAM))
                0x0000000000000200                _Min_Heap_Size = 0x200
                0x0000000000000400                _Min_Stack_Size = 0x400

.isr_vector     0x0000000008000000      0x10c
                0x0000000008000000                . = ALIGN (0x4)
 *(.isr_vector)
 .isr_vector    0x0000000008000000      0x10c ./Core/Startup/startup_stm32f103c8tx.o
                0x0000000008000000                g_pfnVectors
                0x000000000800010c                . = ALIGN (0x4)

.text           0x000000000800010c     0x24e0
                0x000000000800010c                . = ALIGN (0x4)
 *(.text)
 .text          0x000000000800010c       0x40 c:/st/stm32cubeide_1.7.0/stm32cubeide/plugins/com.st.stm32cube.ide.mcu.externaltools.gnu-tools-for-stm32.9-2020-q2-update.win32_2.0.0.202105311346/tools/bin/../lib/gcc/arm-none-eabi/9.3.1/thumb/v7-m/nofp/crtbegin.o
 *(.text*)
 .text.main     0x000000000800014c       0xd4 ./Core/Src/main.o
                0x000000000800014c                main
 .text.SystemClock_Config
                0x0000000008000220       0x8a ./Core/Src/main.o
                0x0000000008000220                SystemClock_Config
 *fill*         0x00000000080002aa        0x2 
 .text.MX_I2C2_Init
                0x00000000080002ac       0x5c ./Core/Src/main.o
 .text.MX_TIM2_Init
                0x0000000008000308       0xa8 ./Core/Src/main.o
 .text.MX_TIM3_Init
                0x00000000080003b0       0xa8 ./Core/Src/main.o
 .text.MX_TIM4_Init
                0x0000000008000458       0xf4 ./Core/Src/main.o
 .text.MX_GPIO_Init
                0x000000000800054c       0xcc ./Core/Src/main.o
 .text.Error_Handler
                0x0000000008000618        0xa ./Core/Src/main.o
                0x0000000008000618                Error_Handler
 *fill*         0x0000000008000622        0x2 
 .text.HAL_MspInit
                0x0000000008000624       0x64 ./Core/Src/stm32f1xx_hal_msp.o
                0x0000000008000624                HAL_MspInit
 .text.HAL_I2C_MspInit
                0x0000000008000688       0x80 ./Core/Src/stm32f1xx_hal_msp.o
                0x0000000008000688                HAL_I2C_MspInit
 .text.HAL_TIM_Encoder_MspInit
                0x0000000008000708       0xd0 ./Core/Src/stm32f1xx_hal_msp.o
                0x0000000008000708                HAL_TIM_Encoder_MspInit
 .text.HAL_TIM_PWM_MspInit
                0x00000000080007d8       0x3c ./Core/Src/stm32f1xx_hal_msp.o
                0x00000000080007d8                HAL_TIM_PWM_MspInit
 .text.HAL_TIM_MspPostInit
                0x0000000008000814       0x68 ./Core/Src/stm32f1xx_hal_msp.o
                0x0000000008000814                HAL_TIM_MspPostInit
 .text.NMI_Handler
                0x000000000800087c        0x6 ./Core/Src/stm32f1xx_it.o
                0x000000000800087c                NMI_Handler
 .text.HardFault_Handler
                0x0000000008000882        0x6 ./Core/Src/stm32f1xx_it.o
                0x0000000008000882                HardFault_Handler
 .text.MemManage_Handler
                0x0000000008000888        0x6 ./Core/Src/stm32f1xx_it.o
                0x0000000008000888                MemManage_Handler
 .text.BusFault_Handler
                0x000000000800088e        0x6 ./Core/Src/stm32f1xx_it.o
                0x000000000800088e                BusFault_Handler
 .text.UsageFault_Handler
                0x0000000008000894        0x6 ./Core/Src/stm32f1xx_it.o
                0x0000000008000894                UsageFault_Handler
 .text.SVC_Handler
                0x000000000800089a        0xc ./Core/Src/stm32f1xx_it.o
                0x000000000800089a                SVC_Handler
 .text.DebugMon_Handler
                0x00000000080008a6        0xc ./Core/Src/stm32f1xx_it.o
                0x00000000080008a6                DebugMon_Handler
 .text.PendSV_Handler
                0x00000000080008b2        0xc ./Core/Src/stm32f1xx_it.o
                0x00000000080008b2                PendSV_Handler
 .text.SysTick_Handler
                0x00000000080008be        0xc ./Core/Src/stm32f1xx_it.o
                0x00000000080008be                SysTick_Handler
 .text.EXTI15_10_IRQHandler
                0x00000000080008ca       0x18 ./Core/Src/stm32f1xx_it.o
                0x00000000080008ca                EXTI15_10_IRQHandler
 *fill*         0x00000000080008e2        0x2 
 .text.HAL_GPIO_EXTI_Callback
                0x00000000080008e4       0x7c ./Core/Src/stm32f1xx_it.o
                0x00000000080008e4                HAL_GPIO_EXTI_Callback
 .text.SystemInit
                0x0000000008000960        0xc ./Core/Src/system_stm32f1xx.o
                0x0000000008000960                SystemInit
 .text.Reset_Handler
                0x000000000800096c       0x48 ./Core/Startup/startup_stm32f103c8tx.o
                0x000000000800096c                Reset_Handler
 .text.Default_Handler
                0x00000000080009b4        0x2 ./Core/Startup/startup_stm32f103c8tx.o
                0x00000000080009b4                RTC_Alarm_IRQHandler
                0x00000000080009b4                EXTI2_IRQHandler
                0x00000000080009b4                TIM1_CC_IRQHandler
                0x00000000080009b4                PVD_IRQHandler
                0x00000000080009b4                EXTI3_IRQHandler
                0x00000000080009b4                EXTI0_IRQHandler
                0x00000000080009b4                I2C2_EV_IRQHandler
                0x00000000080009b4                ADC1_2_IRQHandler
                0x00000000080009b4                SPI1_IRQHandler
                0x00000000080009b4                TAMPER_IRQHandler
                0x00000000080009b4                DMA1_Channel4_IRQHandler
                0x00000000080009b4                USART3_IRQHandler
                0x00000000080009b4                RTC_IRQHandler
                0x00000000080009b4                DMA1_Channel7_IRQHandler
                0x00000000080009b4                CAN1_RX1_IRQHandler
                0x00000000080009b4                TIM4_IRQHandler
                0x00000000080009b4                I2C1_EV_IRQHandler
                0x00000000080009b4                DMA1_Channel6_IRQHandler
                0x00000000080009b4                TIM3_IRQHandler
                0x00000000080009b4                RCC_IRQHandler
                0x00000000080009b4                TIM1_TRG_COM_IRQHandler
                0x00000000080009b4                DMA1_Channel1_IRQHandler
                0x00000000080009b4                Default_Handler
                0x00000000080009b4                EXTI9_5_IRQHandler
                0x00000000080009b4                SPI2_IRQHandler
                0x00000000080009b4                DMA1_Channel5_IRQHandler
                0x00000000080009b4                EXTI4_IRQHandler
                0x00000000080009b4                USB_LP_CAN1_RX0_IRQHandler
                0x00000000080009b4                USB_HP_CAN1_TX_IRQHandler
                0x00000000080009b4                DMA1_Channel3_IRQHandler
                0x00000000080009b4                TIM1_UP_IRQHandler
                0x00000000080009b4                WWDG_IRQHandler
                0x00000000080009b4                TIM2_IRQHandler
                0x00000000080009b4                TIM1_BRK_IRQHandler
                0x00000000080009b4                EXTI1_IRQHandler
                0x00000000080009b4                USART2_IRQHandler
                0x00000000080009b4                I2C2_ER_IRQHandler
                0x00000000080009b4                DMA1_Channel2_IRQHandler
                0x00000000080009b4                CAN1_SCE_IRQHandler
                0x00000000080009b4                FLASH_IRQHandler
                0x00000000080009b4                USART1_IRQHandler
                0x00000000080009b4                I2C1_ER_IRQHandler
                0x00000000080009b4                USBWakeUp_IRQHandler
 *fill*         0x00000000080009b6        0x2 
 .text.HAL_Init
                0x00000000080009b8       0x2c ./Drivers/STM32F1xx_HAL_Driver/Src/stm32f1xx_hal.o
                0x00000000080009b8                HAL_Init
 .text.HAL_InitTick
                0x00000000080009e4       0x60 ./Drivers/STM32F1xx_HAL_Driver/Src/stm32f1xx_hal.o
                0x00000000080009e4                HAL_InitTick
 .text.HAL_IncTick
                0x0000000008000a44       0x24 ./Drivers/STM32F1xx_HAL_Driver/Src/stm32f1xx_hal.o
                0x0000000008000a44                HAL_IncTick
 .text.HAL_GetTick
                0x0000000008000a68       0x14 ./Drivers/STM32F1xx_HAL_Driver/Src/stm32f1xx_hal.o
                0x0000000008000a68                HAL_GetTick
 .text.HAL_Delay
                0x0000000008000a7c       0x48 ./Drivers/STM32F1xx_HAL_Driver/Src/stm32f1xx_hal.o
                0x0000000008000a7c                HAL_Delay
 .text.__NVIC_SetPriorityGrouping
                0x0000000008000ac4       0x48 ./Drivers/STM32F1xx_HAL_Driver/Src/stm32f1xx_hal_cortex.o
 .text.__NVIC_GetPriorityGrouping
                0x0000000008000b0c       0x1c ./Drivers/STM32F1xx_HAL_Driver/Src/stm32f1xx_hal_cortex.o
 .text.__NVIC_EnableIRQ
                0x0000000008000b28       0x38 ./Drivers/STM32F1xx_HAL_Driver/Src/stm32f1xx_hal_cortex.o
 .text.__NVIC_SetPriority
                0x0000000008000b60       0x54 ./Drivers/STM32F1xx_HAL_Driver/Src/stm32f1xx_hal_cortex.o
 .text.NVIC_EncodePriority
                0x0000000008000bb4       0x64 ./Drivers/STM32F1xx_HAL_Driver/Src/stm32f1xx_hal_cortex.o
 .text.SysTick_Config
                0x0000000008000c18       0x44 ./Drivers/STM32F1xx_HAL_Driver/Src/stm32f1xx_hal_cortex.o
 .text.HAL_NVIC_SetPriorityGrouping
                0x0000000008000c5c       0x16 ./Drivers/STM32F1xx_HAL_Driver/Src/stm32f1xx_hal_cortex.o
                0x0000000008000c5c                HAL_NVIC_SetPriorityGrouping
 .text.HAL_NVIC_SetPriority
                0x0000000008000c72       0x38 ./Drivers/STM32F1xx_HAL_Driver/Src/stm32f1xx_hal_cortex.o
                0x0000000008000c72                HAL_NVIC_SetPriority
 .text.HAL_NVIC_EnableIRQ
                0x0000000008000caa       0x1c ./Drivers/STM32F1xx_HAL_Driver/Src/stm32f1xx_hal_cortex.o
                0x0000000008000caa                HAL_NVIC_EnableIRQ
 .text.HAL_SYSTICK_Config
                0x0000000008000cc6       0x18 ./Drivers/STM32F1xx_HAL_Driver/Src/stm32f1xx_hal_cortex.o
                0x0000000008000cc6                HAL_SYSTICK_Config
 *fill*         0x0000000008000cde        0x2 
 .text.HAL_GPIO_Init
                0x0000000008000ce0      0x308 ./Drivers/STM32F1xx_HAL_Driver/Src/stm32f1xx_hal_gpio.o
                0x0000000008000ce0                HAL_GPIO_Init
 .text.HAL_GPIO_ReadPin
                0x0000000008000fe8       0x2e ./Drivers/STM32F1xx_HAL_Driver/Src/stm32f1xx_hal_gpio.o
                0x0000000008000fe8                HAL_GPIO_ReadPin
 *fill*         0x0000000008001016        0x2 
 .text.HAL_GPIO_EXTI_IRQHandler
                0x0000000008001018       0x30 ./Drivers/STM32F1xx_HAL_Driver/Src/stm32f1xx_hal_gpio.o
                0x0000000008001018                HAL_GPIO_EXTI_IRQHandler
 .text.HAL_I2C_Init
                0x0000000008001048      0x288 ./Drivers/STM32F1xx_HAL_Driver/Src/stm32f1xx_hal_i2c.o
                0x0000000008001048                HAL_I2C_Init
 .text.HAL_RCC_OscConfig
                0x00000000080012d0      0x500 ./Drivers/STM32F1xx_HAL_Driver/Src/stm32f1xx_hal_rcc.o
                0x00000000080012d0                HAL_RCC_OscConfig
 .text.HAL_RCC_ClockConfig
                0x00000000080017d0      0x1d4 ./Drivers/STM32F1xx_HAL_Driver/Src/stm32f1xx_hal_rcc.o
                0x00000000080017d0                HAL_RCC_ClockConfig
 .text.HAL_RCC_GetSysClockFreq
                0x00000000080019a4       0xa8 ./Drivers/STM32F1xx_HAL_Driver/Src/stm32f1xx_hal_rcc.o
                0x00000000080019a4                HAL_RCC_GetSysClockFreq
 .text.HAL_RCC_GetHCLKFreq
                0x0000000008001a4c       0x14 ./Drivers/STM32F1xx_HAL_Driver/Src/stm32f1xx_hal_rcc.o
                0x0000000008001a4c                HAL_RCC_GetHCLKFreq
 .text.HAL_RCC_GetPCLK1Freq
                0x0000000008001a60       0x28 ./Drivers/STM32F1xx_HAL_Driver/Src/stm32f1xx_hal_rcc.o
                0x0000000008001a60                HAL_RCC_GetPCLK1Freq
 .text.RCC_Delay
                0x0000000008001a88       0x3c ./Drivers/STM32F1xx_HAL_Driver/Src/stm32f1xx_hal_rcc.o
 .text.HAL_TIM_PWM_Init
                0x0000000008001ac4       0x9e ./Drivers/STM32F1xx_HAL_Driver/Src/stm32f1xx_hal_tim.o
                0x0000000008001ac4                HAL_TIM_PWM_Init
 *fill*         0x0000000008001b62        0x2 
 .text.HAL_TIM_PWM_Start
                0x0000000008001b64      0x144 ./Drivers/STM32F1xx_HAL_Driver/Src/stm32f1xx_hal_tim.o
                0x0000000008001b64                HAL_TIM_PWM_Start
 .text.HAL_TIM_Encoder_Init
                0x0000000008001ca8      0x144 ./Drivers/STM32F1xx_HAL_Driver/Src/stm32f1xx_hal_tim.o
                0x0000000008001ca8                HAL_TIM_Encoder_Init
 .text.HAL_TIM_Encoder_Start
                0x0000000008001dec      0x11c ./Drivers/STM32F1xx_HAL_Driver/Src/stm32f1xx_hal_tim.o
                0x0000000008001dec                HAL_TIM_Encoder_Start
 .text.HAL_TIM_PWM_ConfigChannel
                0x0000000008001f08      0x184 ./Drivers/STM32F1xx_HAL_Driver/Src/stm32f1xx_hal_tim.o
                0x0000000008001f08                HAL_TIM_PWM_ConfigChannel
 .text.TIM_Base_SetConfig
                0x000000000800208c       0xdc ./Drivers/STM32F1xx_HAL_Driver/Src/stm32f1xx_hal_tim.o
                0x000000000800208c                TIM_Base_SetConfig
 .text.TIM_OC1_SetConfig
                0x0000000008002168       0xcc ./Drivers/STM32F1xx_HAL_Driver/Src/stm32f1xx_hal_tim.o
 .text.TIM_OC2_SetConfig
                0x0000000008002234       0xd4 ./Drivers/STM32F1xx_HAL_Driver/Src/stm32f1xx_hal_tim.o
                0x0000000008002234                TIM_OC2_SetConfig
 .text.TIM_OC3_SetConfig
                0x0000000008002308       0xd4 ./Drivers/STM32F1xx_HAL_Driver/Src/stm32f1xx_hal_tim.o
 .text.TIM_OC4_SetConfig
                0x00000000080023dc       0x9c ./Drivers/STM32F1xx_HAL_Driver/Src/stm32f1xx_hal_tim.o
 .text.TIM_CCxChannelCmd
                0x0000000008002478       0x48 ./Drivers/STM32F1xx_HAL_Driver/Src/stm32f1xx_hal_tim.o
                0x0000000008002478                TIM_CCxChannelCmd
 .text.HAL_TIMEx_MasterConfigSynchronization
                0x00000000080024c0       0xbc ./Drivers/STM32F1xx_HAL_Driver/Src/stm32f1xx_hal_tim_ex.o
                0x00000000080024c0                HAL_TIMEx_MasterConfigSynchronization
 .text.__libc_init_array
                0x000000000800257c       0x48 c:/st/stm32cubeide_1.7.0/stm32cubeide/plugins/com.st.stm32cube.ide.mcu.externaltools.gnu-tools-for-stm32.9-2020-q2-update.win32_2.0.0.202105311346/tools/bin/../lib/gcc/arm-none-eabi/9.3.1/../../../../arm-none-eabi/lib/thumb/v7-m/nofp\libc_nano.a(lib_a-init.o)
                0x000000000800257c                __libc_init_array
 .text.memset   0x00000000080025c4       0x10 c:/st/stm32cubeide_1.7.0/stm32cubeide/plugins/com.st.stm32cube.ide.mcu.externaltools.gnu-tools-for-stm32.9-2020-q2-update.win32_2.0.0.202105311346/tools/bin/../lib/gcc/arm-none-eabi/9.3.1/../../../../arm-none-eabi/lib/thumb/v7-m/nofp\libc_nano.a(lib_a-memset.o)
                0x00000000080025c4                memset
 *(.glue_7)
 .glue_7        0x00000000080025d4        0x0 linker stubs
 *(.glue_7t)
 .glue_7t       0x00000000080025d4        0x0 linker stubs
 *(.eh_frame)
 .eh_frame      0x00000000080025d4        0x0 c:/st/stm32cubeide_1.7.0/stm32cubeide/plugins/com.st.stm32cube.ide.mcu.externaltools.gnu-tools-for-stm32.9-2020-q2-update.win32_2.0.0.202105311346/tools/bin/../lib/gcc/arm-none-eabi/9.3.1/thumb/v7-m/nofp/crtbegin.o
 *(.init)
 .init          0x00000000080025d4        0x4 c:/st/stm32cubeide_1.7.0/stm32cubeide/plugins/com.st.stm32cube.ide.mcu.externaltools.gnu-tools-for-stm32.9-2020-q2-update.win32_2.0.0.202105311346/tools/bin/../lib/gcc/arm-none-eabi/9.3.1/thumb/v7-m/nofp/crti.o
                0x00000000080025d4                _init
 .init          0x00000000080025d8        0x8 c:/st/stm32cubeide_1.7.0/stm32cubeide/plugins/com.st.stm32cube.ide.mcu.externaltools.gnu-tools-for-stm32.9-2020-q2-update.win32_2.0.0.202105311346/tools/bin/../lib/gcc/arm-none-eabi/9.3.1/thumb/v7-m/nofp/crtn.o
 *(.fini)
 .fini          0x00000000080025e0        0x4 c:/st/stm32cubeide_1.7.0/stm32cubeide/plugins/com.st.stm32cube.ide.mcu.externaltools.gnu-tools-for-stm32.9-2020-q2-update.win32_2.0.0.202105311346/tools/bin/../lib/gcc/arm-none-eabi/9.3.1/thumb/v7-m/nofp/crti.o
                0x00000000080025e0                _fini
 .fini          0x00000000080025e4        0x8 c:/st/stm32cubeide_1.7.0/stm32cubeide/plugins/com.st.stm32cube.ide.mcu.externaltools.gnu-tools-for-stm32.9-2020-q2-update.win32_2.0.0.202105311346/tools/bin/../lib/gcc/arm-none-eabi/9.3.1/thumb/v7-m/nofp/crtn.o
                0x00000000080025ec                . = ALIGN (0x4)
                0x00000000080025ec                _etext = .

.vfp11_veneer   0x00000000080025ec        0x0
 .vfp11_veneer  0x00000000080025ec        0x0 linker stubs

.v4_bx          0x00000000080025ec        0x0
 .v4_bx         0x00000000080025ec        0x0 linker stubs

.iplt           0x00000000080025ec        0x0
 .iplt          0x00000000080025ec        0x0 c:/st/stm32cubeide_1.7.0/stm32cubeide/plugins/com.st.stm32cube.ide.mcu.externaltools.gnu-tools-for-stm32.9-2020-q2-update.win32_2.0.0.202105311346/tools/bin/../lib/gcc/arm-none-eabi/9.3.1/thumb/v7-m/nofp/crtbegin.o

.rodata         0x00000000080025ec       0x2c
                0x00000000080025ec                . = ALIGN (0x4)
 *(.rodata)
 *(.rodata*)
 .rodata.AHBPrescTable
                0x00000000080025ec       0x10 ./Core/Src/system_stm32f1xx.o
                0x00000000080025ec                AHBPrescTable
 .rodata.APBPrescTable
                0x00000000080025fc        0x8 ./Core/Src/system_stm32f1xx.o
                0x00000000080025fc                APBPrescTable
 .rodata.aPLLMULFactorTable.6283
                0x0000000008002604       0x10 ./Drivers/STM32F1xx_HAL_Driver/Src/stm32f1xx_hal_rcc.o
 .rodata.aPredivFactorTable.6284
                0x0000000008002614        0x2 ./Drivers/STM32F1xx_HAL_Driver/Src/stm32f1xx_hal_rcc.o
                0x0000000008002618                . = ALIGN (0x4)
 *fill*         0x0000000008002616        0x2 

.rel.dyn        0x0000000008002618        0x0
 .rel.iplt      0x0000000008002618        0x0 c:/st/stm32cubeide_1.7.0/stm32cubeide/plugins/com.st.stm32cube.ide.mcu.externaltools.gnu-tools-for-stm32.9-2020-q2-update.win32_2.0.0.202105311346/tools/bin/../lib/gcc/arm-none-eabi/9.3.1/thumb/v7-m/nofp/crtbegin.o

.ARM.extab      0x0000000008002618        0x0
                0x0000000008002618                . = ALIGN (0x4)
 *(.ARM.extab* .gnu.linkonce.armextab.*)
                0x0000000008002618                . = ALIGN (0x4)

.ARM            0x0000000008002618        0x0
                0x0000000008002618                . = ALIGN (0x4)
                0x0000000008002618                __exidx_start = .
 *(.ARM.exidx*)
                0x0000000008002618                __exidx_end = .
                0x0000000008002618                . = ALIGN (0x4)

.preinit_array  0x0000000008002618        0x0
                0x0000000008002618                . = ALIGN (0x4)
                0x0000000008002618                PROVIDE (__preinit_array_start = .)
 *(.preinit_array*)
                0x0000000008002618                PROVIDE (__preinit_array_end = .)
                0x0000000008002618                . = ALIGN (0x4)

.init_array     0x0000000008002618        0x4
                0x0000000008002618                . = ALIGN (0x4)
                0x0000000008002618                PROVIDE (__init_array_start = .)
 *(SORT_BY_NAME(.init_array.*))
 *(.init_array*)
 .init_array    0x0000000008002618        0x4 c:/st/stm32cubeide_1.7.0/stm32cubeide/plugins/com.st.stm32cube.ide.mcu.externaltools.gnu-tools-for-stm32.9-2020-q2-update.win32_2.0.0.202105311346/tools/bin/../lib/gcc/arm-none-eabi/9.3.1/thumb/v7-m/nofp/crtbegin.o
                0x000000000800261c                PROVIDE (__init_array_end = .)
                0x000000000800261c                . = ALIGN (0x4)

.fini_array     0x000000000800261c        0x4
                0x000000000800261c                . = ALIGN (0x4)
                [!provide]                        PROVIDE (__fini_array_start = .)
 *(SORT_BY_NAME(.fini_array.*))
 *(.fini_array*)
 .fini_array    0x000000000800261c        0x4 c:/st/stm32cubeide_1.7.0/stm32cubeide/plugins/com.st.stm32cube.ide.mcu.externaltools.gnu-tools-for-stm32.9-2020-q2-update.win32_2.0.0.202105311346/tools/bin/../lib/gcc/arm-none-eabi/9.3.1/thumb/v7-m/nofp/crtbegin.o
                [!provide]                        PROVIDE (__fini_array_end = .)
                0x0000000008002620                . = ALIGN (0x4)
                0x0000000008002620                _sidata = LOADADDR (.data)

.data           0x0000000020000000       0x10 load address 0x0000000008002620
                0x0000000020000000                . = ALIGN (0x4)
                0x0000000020000000                _sdata = .
 *(.data)
 *(.data*)
 .data.pwmValue
                0x0000000020000000        0x1 ./Core/Src/main.o
                0x0000000020000000                pwmValue
 *fill*         0x0000000020000001        0x3 
 .data.SystemCoreClock
                0x0000000020000004        0x4 ./Core/Src/system_stm32f1xx.o
                0x0000000020000004                SystemCoreClock
 .data.uwTickPrio
                0x0000000020000008        0x4 ./Drivers/STM32F1xx_HAL_Driver/Src/stm32f1xx_hal.o
                0x0000000020000008                uwTickPrio
 .data.uwTickFreq
                0x000000002000000c        0x1 ./Drivers/STM32F1xx_HAL_Driver/Src/stm32f1xx_hal.o
                0x000000002000000c                uwTickFreq
 *(.RamFunc)
 *(.RamFunc*)
                0x0000000020000010                . = ALIGN (0x4)
 *fill*         0x000000002000000d        0x3 
                0x0000000020000010                _edata = .

.igot.plt       0x0000000020000010        0x0 load address 0x0000000008002630
 .igot.plt      0x0000000020000010        0x0 c:/st/stm32cubeide_1.7.0/stm32cubeide/plugins/com.st.stm32cube.ide.mcu.externaltools.gnu-tools-for-stm32.9-2020-q2-update.win32_2.0.0.202105311346/tools/bin/../lib/gcc/arm-none-eabi/9.3.1/thumb/v7-m/nofp/crtbegin.o
                0x0000000020000010                . = ALIGN (0x4)

.bss            0x0000000020000010      0x158 load address 0x0000000008002630
                0x0000000020000010                _sbss = .
                0x0000000020000010                __bss_start__ = _sbss
 *(.bss)
 .bss           0x0000000020000010       0x1c c:/st/stm32cubeide_1.7.0/stm32cubeide/plugins/com.st.stm32cube.ide.mcu.externaltools.gnu-tools-for-stm32.9-2020-q2-update.win32_2.0.0.202105311346/tools/bin/../lib/gcc/arm-none-eabi/9.3.1/thumb/v7-m/nofp/crtbegin.o
 *(.bss*)
 .bss.enc1      0x000000002000002c        0x2 ./Core/Src/main.o
                0x000000002000002c                enc1
 .bss.enc2      0x000000002000002e        0x2 ./Core/Src/main.o
                0x000000002000002e                enc2
 .bss.encoder3_count
                0x0000000020000030        0x4 ./Core/Src/main.o
                0x0000000020000030                encoder3_count
 .bss.encoder4_count
                0x0000000020000034        0x4 ./Core/Src/main.o
                0x0000000020000034                encoder4_count
 *(COMMON)
 COMMON         0x0000000020000038      0x12c ./Core/Src/main.o
                0x0000000020000038                htim4
                0x0000000020000080                hi2c2
                0x00000000200000d4                htim3
                0x000000002000011c                htim2
 COMMON         0x0000000020000164        0x4 ./Drivers/STM32F1xx_HAL_Driver/Src/stm32f1xx_hal.o
                0x0000000020000164                uwTick
                0x0000000020000168                . = ALIGN (0x4)
                0x0000000020000168                _ebss = .
                0x0000000020000168                __bss_end__ = _ebss

._user_heap_stack
                0x0000000020000168      0x600 load address 0x0000000008002630
                0x0000000020000168                . = ALIGN (0x8)
                [!provide]                        PROVIDE (end = .)
                0x0000000020000168                PROVIDE (_end = .)
                0x0000000020000368                . = (. + _Min_Heap_Size)
 *fill*         0x0000000020000168      0x200 
                0x0000000020000768                . = (. + _Min_Stack_Size)
 *fill*         0x0000000020000368      0x400 
                0x0000000020000768                . = ALIGN (0x8)

/DISCARD/
 libc.a(*)
 libm.a(*)
 libgcc.a(*)

.ARM.attributes
                0x0000000000000000       0x29
 *(.ARM.attributes)
 .ARM.attributes
                0x0000000000000000       0x1d c:/st/stm32cubeide_1.7.0/stm32cubeide/plugins/com.st.stm32cube.ide.mcu.externaltools.gnu-tools-for-stm32.9-2020-q2-update.win32_2.0.0.202105311346/tools/bin/../lib/gcc/arm-none-eabi/9.3.1/thumb/v7-m/nofp/crti.o
 .ARM.attributes
                0x000000000000001d       0x2d c:/st/stm32cubeide_1.7.0/stm32cubeide/plugins/com.st.stm32cube.ide.mcu.externaltools.gnu-tools-for-stm32.9-2020-q2-update.win32_2.0.0.202105311346/tools/bin/../lib/gcc/arm-none-eabi/9.3.1/thumb/v7-m/nofp/crtbegin.o
 .ARM.attributes
                0x000000000000004a       0x2d ./Core/Src/main.o
 .ARM.attributes
                0x0000000000000077       0x2d ./Core/Src/stm32f1xx_hal_msp.o
 .ARM.attributes
                0x00000000000000a4       0x2d ./Core/Src/stm32f1xx_it.o
 .ARM.attributes
                0x00000000000000d1       0x2d ./Core/Src/system_stm32f1xx.o
 .ARM.attributes
                0x00000000000000fe       0x21 ./Core/Startup/startup_stm32f103c8tx.o
 .ARM.attributes
                0x000000000000011f       0x2d ./Drivers/STM32F1xx_HAL_Driver/Src/stm32f1xx_hal.o
 .ARM.attributes
                0x000000000000014c       0x2d ./Drivers/STM32F1xx_HAL_Driver/Src/stm32f1xx_hal_cortex.o
 .ARM.attributes
                0x0000000000000179       0x2d ./Drivers/STM32F1xx_HAL_Driver/Src/stm32f1xx_hal_gpio.o
 .ARM.attributes
                0x00000000000001a6       0x2d ./Drivers/STM32F1xx_HAL_Driver/Src/stm32f1xx_hal_i2c.o
 .ARM.attributes
                0x00000000000001d3       0x2d ./Drivers/STM32F1xx_HAL_Driver/Src/stm32f1xx_hal_rcc.o
 .ARM.attributes
                0x0000000000000200       0x2d ./Drivers/STM32F1xx_HAL_Driver/Src/stm32f1xx_hal_tim.o
 .ARM.attributes
                0x000000000000022d       0x2d ./Drivers/STM32F1xx_HAL_Driver/Src/stm32f1xx_hal_tim_ex.o
 .ARM.attributes
                0x000000000000025a       0x2d c:/st/stm32cubeide_1.7.0/stm32cubeide/plugins/com.st.stm32cube.ide.mcu.externaltools.gnu-tools-for-stm32.9-2020-q2-update.win32_2.0.0.202105311346/tools/bin/../lib/gcc/arm-none-eabi/9.3.1/../../../../arm-none-eabi/lib/thumb/v7-m/nofp\libc_nano.a(lib_a-init.o)
 .ARM.attributes
                0x0000000000000287       0x2d c:/st/stm32cubeide_1.7.0/stm32cubeide/plugins/com.st.stm32cube.ide.mcu.externaltools.gnu-tools-for-stm32.9-2020-q2-update.win32_2.0.0.202105311346/tools/bin/../lib/gcc/arm-none-eabi/9.3.1/../../../../arm-none-eabi/lib/thumb/v7-m/nofp\libc_nano.a(lib_a-memset.o)
 .ARM.attributes
                0x00000000000002b4       0x1d c:/st/stm32cubeide_1.7.0/stm32cubeide/plugins/com.st.stm32cube.ide.mcu.externaltools.gnu-tools-for-stm32.9-2020-q2-update.win32_2.0.0.202105311346/tools/bin/../lib/gcc/arm-none-eabi/9.3.1/thumb/v7-m/nofp/crtn.o
OUTPUT(ENCODERS_PRUEBA_4.elf elf32-littlearm)
LOAD linker stubs
LOAD c:/st/stm32cubeide_1.7.0/stm32cubeide/plugins/com.st.stm32cube.ide.mcu.externaltools.gnu-tools-for-stm32.9-2020-q2-update.win32_2.0.0.202105311346/tools/bin/../lib/gcc/arm-none-eabi/9.3.1/../../../../arm-none-eabi/lib/thumb/v7-m/nofp\libc.a
LOAD c:/st/stm32cubeide_1.7.0/stm32cubeide/plugins/com.st.stm32cube.ide.mcu.externaltools.gnu-tools-for-stm32.9-2020-q2-update.win32_2.0.0.202105311346/tools/bin/../lib/gcc/arm-none-eabi/9.3.1/../../../../arm-none-eabi/lib/thumb/v7-m/nofp\libm.a
LOAD c:/st/stm32cubeide_1.7.0/stm32cubeide/plugins/com.st.stm32cube.ide.mcu.externaltools.gnu-tools-for-stm32.9-2020-q2-update.win32_2.0.0.202105311346/tools/bin/../lib/gcc/arm-none-eabi/9.3.1/thumb/v7-m/nofp\libgcc.a

.debug_info     0x0000000000000000     0xbb0d
 .debug_info    0x0000000000000000     0x1a97 ./Core/Src/main.o
 .debug_info    0x0000000000001a97      0xe21 ./Core/Src/stm32f1xx_hal_msp.o
 .debug_info    0x00000000000028b8      0x31f ./Core/Src/stm32f1xx_it.o
 .debug_info    0x0000000000002bd7      0x2be ./Core/Src/system_stm32f1xx.o
 .debug_info    0x0000000000002e95       0x22 ./Core/Startup/startup_stm32f103c8tx.o
 .debug_info    0x0000000000002eb7      0x76a ./Drivers/STM32F1xx_HAL_Driver/Src/stm32f1xx_hal.o
 .debug_info    0x0000000000003621      0xbdc ./Drivers/STM32F1xx_HAL_Driver/Src/stm32f1xx_hal_cortex.o
 .debug_info    0x00000000000041fd      0x701 ./Drivers/STM32F1xx_HAL_Driver/Src/stm32f1xx_hal_gpio.o
 .debug_info    0x00000000000048fe     0x27cb ./Drivers/STM32F1xx_HAL_Driver/Src/stm32f1xx_hal_i2c.o
 .debug_info    0x00000000000070c9      0x893 ./Drivers/STM32F1xx_HAL_Driver/Src/stm32f1xx_hal_rcc.o
 .debug_info    0x000000000000795c     0x2c32 ./Drivers/STM32F1xx_HAL_Driver/Src/stm32f1xx_hal_tim.o
 .debug_info    0x000000000000a58e     0x157f ./Drivers/STM32F1xx_HAL_Driver/Src/stm32f1xx_hal_tim_ex.o

.debug_abbrev   0x0000000000000000     0x185d
 .debug_abbrev  0x0000000000000000      0x2f3 ./Core/Src/main.o
 .debug_abbrev  0x00000000000002f3      0x224 ./Core/Src/stm32f1xx_hal_msp.o
 .debug_abbrev  0x0000000000000517      0x13f ./Core/Src/stm32f1xx_it.o
 .debug_abbrev  0x0000000000000656      0x14e ./Core/Src/system_stm32f1xx.o
 .debug_abbrev  0x00000000000007a4       0x12 ./Core/Startup/startup_stm32f103c8tx.o
 .debug_abbrev  0x00000000000007b6      0x1ed ./Drivers/STM32F1xx_HAL_Driver/Src/stm32f1xx_hal.o
 .debug_abbrev  0x00000000000009a3      0x313 ./Drivers/STM32F1xx_HAL_Driver/Src/stm32f1xx_hal_cortex.o
 .debug_abbrev  0x0000000000000cb6      0x1e8 ./Drivers/STM32F1xx_HAL_Driver/Src/stm32f1xx_hal_gpio.o
 .debug_abbrev  0x0000000000000e9e      0x288 ./Drivers/STM32F1xx_HAL_Driver/Src/stm32f1xx_hal_i2c.o
 .debug_abbrev  0x0000000000001126      0x273 ./Drivers/STM32F1xx_HAL_Driver/Src/stm32f1xx_hal_rcc.o
 .debug_abbrev  0x0000000000001399      0x25e ./Drivers/STM32F1xx_HAL_Driver/Src/stm32f1xx_hal_tim.o
 .debug_abbrev  0x00000000000015f7      0x266 ./Drivers/STM32F1xx_HAL_Driver/Src/stm32f1xx_hal_tim_ex.o

.debug_aranges  0x0000000000000000      0xc18
 .debug_aranges
                0x0000000000000000       0x58 ./Core/Src/main.o
 .debug_aranges
                0x0000000000000058       0x58 ./Core/Src/stm32f1xx_hal_msp.o
 .debug_aranges
                0x00000000000000b0       0x70 ./Core/Src/stm32f1xx_it.o
 .debug_aranges
                0x0000000000000120       0x28 ./Core/Src/system_stm32f1xx.o
 .debug_aranges
                0x0000000000000148       0x28 ./Core/Startup/startup_stm32f103c8tx.o
 .debug_aranges
                0x0000000000000170       0xe0 ./Drivers/STM32F1xx_HAL_Driver/Src/stm32f1xx_hal.o
 .debug_aranges
                0x0000000000000250      0x100 ./Drivers/STM32F1xx_HAL_Driver/Src/stm32f1xx_hal_cortex.o
 .debug_aranges
                0x0000000000000350       0x58 ./Drivers/STM32F1xx_HAL_Driver/Src/stm32f1xx_hal_gpio.o
 .debug_aranges
                0x00000000000003a8      0x2a8 ./Drivers/STM32F1xx_HAL_Driver/Src/stm32f1xx_hal_i2c.o
 .debug_aranges
                0x0000000000000650       0x90 ./Drivers/STM32F1xx_HAL_Driver/Src/stm32f1xx_hal_rcc.o
 .debug_aranges
                0x00000000000006e0      0x3d0 ./Drivers/STM32F1xx_HAL_Driver/Src/stm32f1xx_hal_tim.o
 .debug_aranges
                0x0000000000000ab0      0x168 ./Drivers/STM32F1xx_HAL_Driver/Src/stm32f1xx_hal_tim_ex.o

.debug_ranges   0x0000000000000000      0xb78
 .debug_ranges  0x0000000000000000       0x48 ./Core/Src/main.o
 .debug_ranges  0x0000000000000048       0x48 ./Core/Src/stm32f1xx_hal_msp.o
 .debug_ranges  0x0000000000000090       0x60 ./Core/Src/stm32f1xx_it.o
 .debug_ranges  0x00000000000000f0       0x18 ./Core/Src/system_stm32f1xx.o
 .debug_ranges  0x0000000000000108       0x20 ./Core/Startup/startup_stm32f103c8tx.o
 .debug_ranges  0x0000000000000128       0xd0 ./Drivers/STM32F1xx_HAL_Driver/Src/stm32f1xx_hal.o
 .debug_ranges  0x00000000000001f8       0xf0 ./Drivers/STM32F1xx_HAL_Driver/Src/stm32f1xx_hal_cortex.o
 .debug_ranges  0x00000000000002e8       0x48 ./Drivers/STM32F1xx_HAL_Driver/Src/stm32f1xx_hal_gpio.o
 .debug_ranges  0x0000000000000330      0x2b0 ./Drivers/STM32F1xx_HAL_Driver/Src/stm32f1xx_hal_i2c.o
 .debug_ranges  0x00000000000005e0       0x80 ./Drivers/STM32F1xx_HAL_Driver/Src/stm32f1xx_hal_rcc.o
 .debug_ranges  0x0000000000000660      0x3c0 ./Drivers/STM32F1xx_HAL_Driver/Src/stm32f1xx_hal_tim.o
 .debug_ranges  0x0000000000000a20      0x158 ./Drivers/STM32F1xx_HAL_Driver/Src/stm32f1xx_hal_tim_ex.o

.debug_macro    0x0000000000000000    0x17714
 .debug_macro   0x0000000000000000      0x33c ./Core/Src/main.o
 .debug_macro   0x000000000000033c      0xa9c ./Core/Src/main.o
 .debug_macro   0x0000000000000dd8      0x21b ./Core/Src/main.o
 .debug_macro   0x0000000000000ff3       0x2e ./Core/Src/main.o
 .debug_macro   0x0000000000001021       0x22 ./Core/Src/main.o
 .debug_macro   0x0000000000001043       0x22 ./Core/Src/main.o
 .debug_macro   0x0000000000001065       0x8e ./Core/Src/main.o
 .debug_macro   0x00000000000010f3       0x51 ./Core/Src/main.o
 .debug_macro   0x0000000000001144      0x103 ./Core/Src/main.o
 .debug_macro   0x0000000000001247       0x6a ./Core/Src/main.o
 .debug_macro   0x00000000000012b1      0x1df ./Core/Src/main.o
 .debug_macro   0x0000000000001490       0x1c ./Core/Src/main.o
 .debug_macro   0x00000000000014ac       0x22 ./Core/Src/main.o
 .debug_macro   0x00000000000014ce       0xc3 ./Core/Src/main.o
 .debug_macro   0x0000000000001591      0xd23 ./Core/Src/main.o
 .debug_macro   0x00000000000022b4     0xe09e ./Core/Src/main.o
 .debug_macro   0x0000000000010352       0x6d ./Core/Src/main.o
 .debug_macro   0x00000000000103bf     0x34a2 ./Core/Src/main.o
 .debug_macro   0x0000000000013861      0x174 ./Core/Src/main.o
 .debug_macro   0x00000000000139d5       0x5c ./Core/Src/main.o
 .debug_macro   0x0000000000013a31      0x5bc ./Core/Src/main.o
 .debug_macro   0x0000000000013fed      0x289 ./Core/Src/main.o
 .debug_macro   0x0000000000014276      0x1cb ./Core/Src/main.o
 .debug_macro   0x0000000000014441      0x114 ./Core/Src/main.o
 .debug_macro   0x0000000000014555      0x1b2 ./Core/Src/main.o
 .debug_macro   0x0000000000014707       0x27 ./Core/Src/main.o
 .debug_macro   0x000000000001472e      0x136 ./Core/Src/main.o
 .debug_macro   0x0000000000014864      0x1bc ./Core/Src/main.o
 .debug_macro   0x0000000000014a20       0x34 ./Core/Src/main.o
 .debug_macro   0x0000000000014a54       0x3c ./Core/Src/main.o
 .debug_macro   0x0000000000014a90       0x57 ./Core/Src/main.o
 .debug_macro   0x0000000000014ae7       0x87 ./Core/Src/main.o
 .debug_macro   0x0000000000014b6e      0x240 ./Core/Src/main.o
 .debug_macro   0x0000000000014dae      0x287 ./Core/Src/main.o
 .debug_macro   0x0000000000015035      0x140 ./Core/Src/main.o
 .debug_macro   0x0000000000015175      0x8ed ./Core/Src/main.o
 .debug_macro   0x0000000000015a62       0x83 ./Core/Src/main.o
 .debug_macro   0x0000000000015ae5       0x52 ./Core/Src/main.o
 .debug_macro   0x0000000000015b37       0x18 ./Core/Src/main.o
 .debug_macro   0x0000000000015b4f       0x3c ./Core/Src/main.o
 .debug_macro   0x0000000000015b8b       0x34 ./Core/Src/main.o
 .debug_macro   0x0000000000015bbf       0x16 ./Core/Src/main.o
 .debug_macro   0x0000000000015bd5       0x35 ./Core/Src/main.o
 .debug_macro   0x0000000000015c0a      0x333 ./Core/Src/main.o
 .debug_macro   0x0000000000015f3d       0x10 ./Core/Src/main.o
 .debug_macro   0x0000000000015f4d       0x16 ./Core/Src/main.o
 .debug_macro   0x0000000000015f63       0x43 ./Core/Src/main.o
 .debug_macro   0x0000000000015fa6       0x34 ./Core/Src/main.o
 .debug_macro   0x0000000000015fda       0x10 ./Core/Src/main.o
 .debug_macro   0x0000000000015fea       0x58 ./Core/Src/main.o
 .debug_macro   0x0000000000016042       0x71 ./Core/Src/main.o
 .debug_macro   0x00000000000160b3       0x1c ./Core/Src/main.o
 .debug_macro   0x00000000000160cf      0x12a ./Core/Src/main.o
 .debug_macro   0x00000000000161f9       0x10 ./Core/Src/main.o
 .debug_macro   0x0000000000016209       0x1c ./Core/Src/main.o
 .debug_macro   0x0000000000016225       0x52 ./Core/Src/main.o
 .debug_macro   0x0000000000016277       0x22 ./Core/Src/main.o
 .debug_macro   0x0000000000016299       0x10 ./Core/Src/main.o
 .debug_macro   0x00000000000162a9       0x40 ./Core/Src/main.o
 .debug_macro   0x00000000000162e9       0xd5 ./Core/Src/main.o
 .debug_macro   0x00000000000163be       0x1c ./Core/Src/main.o
 .debug_macro   0x00000000000163da       0x3d ./Core/Src/main.o
 .debug_macro   0x0000000000016417       0x16 ./Core/Src/main.o
 .debug_macro   0x000000000001642d      0x145 ./Core/Src/main.o
 .debug_macro   0x0000000000016572       0x16 ./Core/Src/main.o
 .debug_macro   0x0000000000016588       0x20 ./Core/Src/main.o
 .debug_macro   0x00000000000165a8      0x1ad ./Core/Src/stm32f1xx_hal_msp.o
 .debug_macro   0x0000000000016755      0x1b7 ./Core/Src/stm32f1xx_it.o
 .debug_macro   0x000000000001690c      0x1a3 ./Core/Src/system_stm32f1xx.o
 .debug_macro   0x0000000000016aaf      0x1c7 ./Drivers/STM32F1xx_HAL_Driver/Src/stm32f1xx_hal.o
 .debug_macro   0x0000000000016c76      0x1a3 ./Drivers/STM32F1xx_HAL_Driver/Src/stm32f1xx_hal_cortex.o
 .debug_macro   0x0000000000016e19      0x20e ./Drivers/STM32F1xx_HAL_Driver/Src/stm32f1xx_hal_gpio.o
 .debug_macro   0x0000000000017027      0x1f1 ./Drivers/STM32F1xx_HAL_Driver/Src/stm32f1xx_hal_i2c.o
 .debug_macro   0x0000000000017218      0x1b5 ./Drivers/STM32F1xx_HAL_Driver/Src/stm32f1xx_hal_rcc.o
 .debug_macro   0x00000000000173cd      0x1a4 ./Drivers/STM32F1xx_HAL_Driver/Src/stm32f1xx_hal_tim.o
 .debug_macro   0x0000000000017571      0x1a3 ./Drivers/STM32F1xx_HAL_Driver/Src/stm32f1xx_hal_tim_ex.o

.debug_line     0x0000000000000000     0xd3aa
 .debug_line    0x0000000000000000      0xae0 ./Core/Src/main.o
 .debug_line    0x0000000000000ae0      0x79d ./Core/Src/stm32f1xx_hal_msp.o
 .debug_line    0x000000000000127d      0x799 ./Core/Src/stm32f1xx_it.o
 .debug_line    0x0000000000001a16      0x6fa ./Core/Src/system_stm32f1xx.o
 .debug_line    0x0000000000002110       0x86 ./Core/Startup/startup_stm32f103c8tx.o
 .debug_line    0x0000000000002196      0x927 ./Drivers/STM32F1xx_HAL_Driver/Src/stm32f1xx_hal.o
 .debug_line    0x0000000000002abd      0xb0f ./Drivers/STM32F1xx_HAL_Driver/Src/stm32f1xx_hal_cortex.o
 .debug_line    0x00000000000035cc      0x9c0 ./Drivers/STM32F1xx_HAL_Driver/Src/stm32f1xx_hal_gpio.o
 .debug_line    0x0000000000003f8c     0x3abd ./Drivers/STM32F1xx_HAL_Driver/Src/stm32f1xx_hal_i2c.o
 .debug_line    0x0000000000007a49      0xd33 ./Drivers/STM32F1xx_HAL_Driver/Src/stm32f1xx_hal_rcc.o
 .debug_line    0x000000000000877c     0x33c1 ./Drivers/STM32F1xx_HAL_Driver/Src/stm32f1xx_hal_tim.o
 .debug_line    0x000000000000bb3d     0x186d ./Drivers/STM32F1xx_HAL_Driver/Src/stm32f1xx_hal_tim_ex.o

.debug_str      0x0000000000000000    0x8a96a
 .debug_str     0x0000000000000000    0x87dc2 ./Core/Src/main.o
                                      0x882ea (size before relaxing)
 .debug_str     0x0000000000087dc2      0x10c ./Core/Src/stm32f1xx_hal_msp.o
                                      0x83c4d (size before relaxing)
 .debug_str     0x0000000000087ece      0x10e ./Core/Src/stm32f1xx_it.o
                                      0x834c8 (size before relaxing)
 .debug_str     0x0000000000087fdc       0x52 ./Core/Src/system_stm32f1xx.o
                                      0x833fe (size before relaxing)
 .debug_str     0x000000000008802e       0x36 ./Core/Startup/startup_stm32f103c8tx.o
                                         0x7b (size before relaxing)
 .debug_str     0x0000000000088064      0x304 ./Drivers/STM32F1xx_HAL_Driver/Src/stm32f1xx_hal.o
                                      0x83a8f (size before relaxing)
 .debug_str     0x0000000000088368      0x300 ./Drivers/STM32F1xx_HAL_Driver/Src/stm32f1xx_hal_cortex.o
                                      0x83a97 (size before relaxing)
 .debug_str     0x0000000000088668      0x304 ./Drivers/STM32F1xx_HAL_Driver/Src/stm32f1xx_hal_gpio.o
                                      0x837c2 (size before relaxing)
 .debug_str     0x000000000008896c      0xb9a ./Drivers/STM32F1xx_HAL_Driver/Src/stm32f1xx_hal_i2c.o
                                      0x8448d (size before relaxing)
 .debug_str     0x0000000000089506      0x244 ./Drivers/STM32F1xx_HAL_Driver/Src/stm32f1xx_hal_rcc.o
                                      0x837fb (size before relaxing)
 .debug_str     0x000000000008974a      0xd32 ./Drivers/STM32F1xx_HAL_Driver/Src/stm32f1xx_hal_tim.o
                                      0x847e4 (size before relaxing)
 .debug_str     0x000000000008a47c      0x4ee ./Drivers/STM32F1xx_HAL_Driver/Src/stm32f1xx_hal_tim_ex.o
                                      0x83f85 (size before relaxing)

.comment        0x0000000000000000       0x53
 .comment       0x0000000000000000       0x53 ./Core/Src/main.o
                                         0x54 (size before relaxing)
 .comment       0x0000000000000053       0x54 ./Core/Src/stm32f1xx_hal_msp.o
 .comment       0x0000000000000053       0x54 ./Core/Src/stm32f1xx_it.o
 .comment       0x0000000000000053       0x54 ./Core/Src/system_stm32f1xx.o
 .comment       0x0000000000000053       0x54 ./Drivers/STM32F1xx_HAL_Driver/Src/stm32f1xx_hal.o
 .comment       0x0000000000000053       0x54 ./Drivers/STM32F1xx_HAL_Driver/Src/stm32f1xx_hal_cortex.o
 .comment       0x0000000000000053       0x54 ./Drivers/STM32F1xx_HAL_Driver/Src/stm32f1xx_hal_gpio.o
 .comment       0x0000000000000053       0x54 ./Drivers/STM32F1xx_HAL_Driver/Src/stm32f1xx_hal_i2c.o
 .comment       0x0000000000000053       0x54 ./Drivers/STM32F1xx_HAL_Driver/Src/stm32f1xx_hal_rcc.o
 .comment       0x0000000000000053       0x54 ./Drivers/STM32F1xx_HAL_Driver/Src/stm32f1xx_hal_tim.o
 .comment       0x0000000000000053       0x54 ./Drivers/STM32F1xx_HAL_Driver/Src/stm32f1xx_hal_tim_ex.o

.debug_frame    0x0000000000000000     0x336c
 .debug_frame   0x0000000000000000      0x114 ./Core/Src/main.o
 .debug_frame   0x0000000000000114      0x13c ./Core/Src/stm32f1xx_hal_msp.o
 .debug_frame   0x0000000000000250      0x144 ./Core/Src/stm32f1xx_it.o
 .debug_frame   0x0000000000000394       0x58 ./Core/Src/system_stm32f1xx.o
 .debug_frame   0x00000000000003ec      0x334 ./Drivers/STM32F1xx_HAL_Driver/Src/stm32f1xx_hal.o
 .debug_frame   0x0000000000000720      0x428 ./Drivers/STM32F1xx_HAL_Driver/Src/stm32f1xx_hal_cortex.o
 .debug_frame   0x0000000000000b48      0x14c ./Drivers/STM32F1xx_HAL_Driver/Src/stm32f1xx_hal_gpio.o
 .debug_frame   0x0000000000000c94      0xc84 ./Drivers/STM32F1xx_HAL_Driver/Src/stm32f1xx_hal_i2c.o
 .debug_frame   0x0000000000001918      0x218 ./Drivers/STM32F1xx_HAL_Driver/Src/stm32f1xx_hal_rcc.o
 .debug_frame   0x0000000000001b30     0x11b8 ./Drivers/STM32F1xx_HAL_Driver/Src/stm32f1xx_hal_tim.o
 .debug_frame   0x0000000000002ce8      0x638 ./Drivers/STM32F1xx_HAL_Driver/Src/stm32f1xx_hal_tim_ex.o
 .debug_frame   0x0000000000003320       0x2c c:/st/stm32cubeide_1.7.0/stm32cubeide/plugins/com.st.stm32cube.ide.mcu.externaltools.gnu-tools-for-stm32.9-2020-q2-update.win32_2.0.0.202105311346/tools/bin/../lib/gcc/arm-none-eabi/9.3.1/../../../../arm-none-eabi/lib/thumb/v7-m/nofp\libc_nano.a(lib_a-init.o)
 .debug_frame   0x000000000000334c       0x20 c:/st/stm32cubeide_1.7.0/stm32cubeide/plugins/com.st.stm32cube.ide.mcu.externaltools.gnu-tools-for-stm32.9-2020-q2-update.win32_2.0.0.202105311346/tools/bin/../lib/gcc/arm-none-eabi/9.3.1/../../../../arm-none-eabi/lib/thumb/v7-m/nofp\libc_nano.a(lib_a-memset.o)
