main.c:186:5:main	136	static
main.c:351:6:SystemClock_Config	72	static
main.c:390:13:MX_I2C2_Init	8	static
main.c:424:13:MX_TIM2_Init	56	static
main.c:473:13:MX_TIM3_Init	56	static
main.c:522:13:MX_TIM4_Init	48	static
main.c:583:13:MX_USART1_UART_Init	8	static
main.c:616:13:MX_GPIO_Init	40	static
main.c:664:6:actualizarAvances	8	static
main.c:675:7:calcularPromedioTrasero	8	static
main.c:680:6:moverMotores	24	static
main.c:687:6:detenerMotores	4	static
main.c:694:6:Init_IMU	48	static
main.c:801:10:GetData__stMPU_9255	120	static
main.c:858:16:calibrate_magnetometer	120	static
main.c:888:17:calibrate_gyroZ	88	static
main.c:916:10:ReadIMU_Average	112	static
main.c:958:6:Error_Handler	4	static,ignoring_inline_asm
