../Core/Src/main.c:151:5:main	192	static
../Core/Src/main.c:280:6:SystemClock_Config	72	static
../Core/Src/main.c:319:13:MX_I2C2_Init	8	static
../Core/Src/main.c:353:13:MX_TIM2_Init	56	static
../Core/Src/main.c:402:13:MX_TIM3_Init	56	static
../Core/Src/main.c:451:13:MX_TIM4_Init	48	static
../Core/Src/main.c:512:13:MX_USART1_UART_Init	8	static
../Core/Src/main.c:545:13:MX_GPIO_Init	40	static
../Core/Src/main.c:575:6:Init_IMU	40	static
../Core/Src/main.c:667:10:GetData__stMPU_9255	120	static
../Core/Src/main.c:723:10:ComputeMagOffset	104	static
../Core/Src/main.c:745:10:NormalizeMag	24	static
../Core/Src/main.c:752:10:ComputeMagScale	120	static
../Core/Src/main.c:792:6:Error_Handler	4	static,ignoring_inline_asm
